Archive member included because of file (symbol)

c:/program files (x86)/gnu tools arm embedded/4.9 2015q1/bin/../lib/gcc/arm-none-eabi/4.9.3/../../../../arm-none-eabi/lib/armv7e-m\libm.a(lib_a-w_log.o)
                              ./src/KeyPad.o (log)
c:/program files (x86)/gnu tools arm embedded/4.9 2015q1/bin/../lib/gcc/arm-none-eabi/4.9.3/../../../../arm-none-eabi/lib/armv7e-m\libm.a(lib_a-e_log.o)
                              c:/program files (x86)/gnu tools arm embedded/4.9 2015q1/bin/../lib/gcc/arm-none-eabi/4.9.3/../../../../arm-none-eabi/lib/armv7e-m\libm.a(lib_a-w_log.o) (__ieee754_log)
c:/program files (x86)/gnu tools arm embedded/4.9 2015q1/bin/../lib/gcc/arm-none-eabi/4.9.3/../../../../arm-none-eabi/lib/armv7e-m\libm.a(lib_a-s_fpclassify.o)
                              c:/program files (x86)/gnu tools arm embedded/4.9 2015q1/bin/../lib/gcc/arm-none-eabi/4.9.3/../../../../arm-none-eabi/lib/armv7e-m\libm.a(lib_a-w_log.o) (__fpclassifyd)
c:/program files (x86)/gnu tools arm embedded/4.9 2015q1/bin/../lib/gcc/arm-none-eabi/4.9.3/../../../../arm-none-eabi/lib/armv7e-m\libm.a(lib_a-s_lib_ver.o)
                              c:/program files (x86)/gnu tools arm embedded/4.9 2015q1/bin/../lib/gcc/arm-none-eabi/4.9.3/../../../../arm-none-eabi/lib/armv7e-m\libm.a(lib_a-w_log.o) (__fdlib_version)
c:/program files (x86)/gnu tools arm embedded/4.9 2015q1/bin/../lib/gcc/arm-none-eabi/4.9.3/../../../../arm-none-eabi/lib/armv7e-m\libm.a(lib_a-s_matherr.o)
                              c:/program files (x86)/gnu tools arm embedded/4.9 2015q1/bin/../lib/gcc/arm-none-eabi/4.9.3/../../../../arm-none-eabi/lib/armv7e-m\libm.a(lib_a-w_log.o) (matherr)
c:/program files (x86)/gnu tools arm embedded/4.9 2015q1/bin/../lib/gcc/arm-none-eabi/4.9.3/../../../../arm-none-eabi/lib/armv7e-m\libm.a(lib_a-s_nan.o)
                              c:/program files (x86)/gnu tools arm embedded/4.9 2015q1/bin/../lib/gcc/arm-none-eabi/4.9.3/../../../../arm-none-eabi/lib/armv7e-m\libm.a(lib_a-w_log.o) (nan)
c:/program files (x86)/gnu tools arm embedded/4.9 2015q1/bin/../lib/gcc/arm-none-eabi/4.9.3/armv7e-m\libgcc.a(_arm_addsubdf3.o)
                              c:/program files (x86)/gnu tools arm embedded/4.9 2015q1/bin/../lib/gcc/arm-none-eabi/4.9.3/../../../../arm-none-eabi/lib/armv7e-m\libm.a(lib_a-e_log.o) (__aeabi_dsub)
c:/program files (x86)/gnu tools arm embedded/4.9 2015q1/bin/../lib/gcc/arm-none-eabi/4.9.3/armv7e-m\libgcc.a(_arm_muldivdf3.o)
                              c:/program files (x86)/gnu tools arm embedded/4.9 2015q1/bin/../lib/gcc/arm-none-eabi/4.9.3/../../../../arm-none-eabi/lib/armv7e-m\libm.a(lib_a-e_log.o) (__aeabi_dmul)
c:/program files (x86)/gnu tools arm embedded/4.9 2015q1/bin/../lib/gcc/arm-none-eabi/4.9.3/armv7e-m\libgcc.a(_arm_cmpdf2.o)
                              c:/program files (x86)/gnu tools arm embedded/4.9 2015q1/bin/../lib/gcc/arm-none-eabi/4.9.3/../../../../arm-none-eabi/lib/armv7e-m\libm.a(lib_a-w_log.o) (__aeabi_dcmpeq)
c:/program files (x86)/gnu tools arm embedded/4.9 2015q1/bin/../lib/gcc/arm-none-eabi/4.9.3/armv7e-m\libgcc.a(_arm_fixunsdfsi.o)
                              ./src/KeyPad.o (__aeabi_d2uiz)
c:/program files (x86)/gnu tools arm embedded/4.9 2015q1/bin/../lib/gcc/arm-none-eabi/4.9.3/../../../../arm-none-eabi/lib/armv7e-m\libg.a(lib_a-errno.o)
                              ./system/src/newlib/_sbrk.o (__errno)
c:/program files (x86)/gnu tools arm embedded/4.9 2015q1/bin/../lib/gcc/arm-none-eabi/4.9.3/../../../../arm-none-eabi/lib/armv7e-m\libg.a(lib_a-impure.o)
                              c:/program files (x86)/gnu tools arm embedded/4.9 2015q1/bin/../lib/gcc/arm-none-eabi/4.9.3/../../../../arm-none-eabi/lib/armv7e-m\libg.a(lib_a-errno.o) (_impure_ptr)

Allocating common symbols
Common symbol       size              file

timer_delayCount    0x4               ./src/Timer.o
errno               0x4               ./system/src/newlib/_syscalls.o

Discarded input sections

 .group         0x00000000        0x8 ./system/src/stm32f3-stdperiph/stm32f30x_gpio.o
 .group         0x00000000        0x8 ./system/src/stm32f3-stdperiph/stm32f30x_gpio.o
 .group         0x00000000        0x8 ./system/src/stm32f3-stdperiph/stm32f30x_gpio.o
 .group         0x00000000        0x8 ./system/src/stm32f3-stdperiph/stm32f30x_gpio.o
 .group         0x00000000        0x8 ./system/src/stm32f3-stdperiph/stm32f30x_gpio.o
 .group         0x00000000        0x8 ./system/src/stm32f3-stdperiph/stm32f30x_gpio.o
 .group         0x00000000        0x8 ./system/src/stm32f3-stdperiph/stm32f30x_gpio.o
 .group         0x00000000        0x8 ./system/src/stm32f3-stdperiph/stm32f30x_gpio.o
 .group         0x00000000        0x8 ./system/src/stm32f3-stdperiph/stm32f30x_gpio.o
 .group         0x00000000        0x8 ./system/src/stm32f3-stdperiph/stm32f30x_gpio.o
 .group         0x00000000        0x8 ./system/src/stm32f3-stdperiph/stm32f30x_gpio.o
[...]
Memory Configuration

Name             Origin             Length             Attributes
RAM              0x20000000         0x0000a000         xrw
CCMRAM           0x10000000         0x00002000         xrw
FLASH            0x08000000         0x00040000         xr
FLASHB1          0x00000000         0x00000000         xr
EXTMEMB0         0x00000000         0x00000000         xr
EXTMEMB1         0x00000000         0x00000000         xr
EXTMEMB2         0x00000000         0x00000000         xr
EXTMEMB3         0x00000000         0x00000000         xr
MEMORY_ARRAY     0x20002000         0x00000000         xrw
*default*        0x00000000         0xffffffff

Linker script and memory map

LOAD ./system/src/stm32f3-stdperiph/stm32f30x_gpio.o
LOAD ./system/src/stm32f3-stdperiph/stm32f30x_rcc.o
LOAD ./system/src/stm32f3-stdperiph/stm32f30x_tim.o
LOAD ./system/src/newlib/_cxx.o
LOAD ./system/src/newlib/_exit.o
LOAD ./system/src/newlib/_sbrk.o
LOAD ./system/src/newlib/_startup.o
LOAD ./system/src/newlib/_syscalls.o
LOAD ./system/src/newlib/assert.o
LOAD ./system/src/diag/Trace.o
LOAD ./system/src/diag/trace_impl.o
LOAD ./system/src/cortexm/_initialize_hardware.o
LOAD ./system/src/cortexm/_reset_hardware.o
LOAD ./system/src/cortexm/exception_handlers.o
LOAD ./system/src/CMSIS/system_stm32f30x.o
LOAD ./system/src/CMSIS/vectors_stm32f30x.o
LOAD ./src/Button.o
LOAD ./src/Buzzer.o
LOAD ./src/HD44780_F3.o
LOAD ./src/KeyPad.o
LOAD ./src/Sens.o
LOAD ./src/Timer.o
LOAD ./src/_write.o
LOAD ./src/main.o
LOAD c:/program files (x86)/gnu tools arm embedded/4.9 2015q1/bin/../lib/gcc/arm-none-eabi/4.9.3/../../../../arm-none-eabi/lib/armv7e-m\libstdc++.a
LOAD c:/program files (x86)/gnu tools arm embedded/4.9 2015q1/bin/../lib/gcc/arm-none-eabi/4.9.3/../../../../arm-none-eabi/lib/armv7e-m\libm.a
START GROUP
LOAD c:/program files (x86)/gnu tools arm embedded/4.9 2015q1/bin/../lib/gcc/arm-none-eabi/4.9.3/armv7e-m\libgcc.a
LOAD c:/program files (x86)/gnu tools arm embedded/4.9 2015q1/bin/../lib/gcc/arm-none-eabi/4.9.3/../../../../arm-none-eabi/lib/armv7e-m\libg.a
LOAD c:/program files (x86)/gnu tools arm embedded/4.9 2015q1/bin/../lib/gcc/arm-none-eabi/4.9.3/../../../../arm-none-eabi/lib/armv7e-m\libc.a
END GROUP
                0x2000a000                __stack = (ORIGIN (RAM) + 0xa000)
                0x2000a000                _estack = __stack
                0x00000400                __Main_Stack_Size = 0x400
                0x00000400                PROVIDE (_Main_Stack_Size, __Main_Stack_Size)
                0x20009c00                __Main_Stack_Limit = (__stack - __Main_Stack_Size)
                0x20009c00                PROVIDE (_Main_Stack_Limit, __Main_Stack_Limit)
                0x00000100                _Minimum_Stack_Size = 0x100
                0x20000490                PROVIDE (_Heap_Begin, _end_noinit)
                0x20009c00                PROVIDE (_Heap_Limit, (__stack - __Main_Stack_Size))

.isr_vector     0x08000000      0x408
 FILL mask 0xff
                0x08000000                __vectors_start__ = ABSOLUTE (.)
 *(.isr_vector)
 .isr_vector    0x08000000      0x188 ./system/src/CMSIS/vectors_stm32f30x.o
                0x08000000                __isr_vectors
 *(.cfmconfig)
 *(.after_vectors .after_vectors.*)
 .after_vectors
                0x08000188      0x1c4 ./system/src/newlib/_startup.o
                0x08000188                _start
 .after_vectors
                0x0800034c       0xb4 ./system/src/cortexm/exception_handlers.o
                0x0800034c                Reset_Handler
                0x08000354                NMI_Handler
                0x0800035c                HardFault_Handler
                0x08000370                HardFault_Handler_C
                0x08000380                MemManage_Handler
                0x08000388                BusFault_Handler
                0x0800039c                BusFault_Handler_C
                0x080003ac                UsageFault_Handler
                0x080003c0                UsageFault_Handler_C
                0x080003d0                SVC_Handler
                0x080003d8                DebugMon_Handler
                0x080003e0                PendSV_Handler
 .after_vectors
                0x08000400        0x8 ./system/src/CMSIS/vectors_stm32f30x.o
                0x08000400                RTC_Alarm_IRQHandler
                0x08000400                TIM8_TRG_COM_IRQHandler
                0x08000400                TIM8_CC_IRQHandler
                0x08000400                TIM1_CC_IRQHandler
                0x08000400                USB_HP_IRQHandler
                0x08000400                PVD_IRQHandler
                0x08000400                EXTI3_IRQHandler
                0x08000400                EXTI0_IRQHandler
                0x08000400                I2C2_EV_IRQHandler
                0x08000400                FPU_IRQHandler
                0x08000400                EXTI2_TS_IRQHandler
                0x08000400                TIM1_UP_TIM16_IRQHandler
                0x08000400                ADC1_2_IRQHandler
                0x08000400                SPI1_IRQHandler
                0x08000400                TIM6_DAC_IRQHandler
                0x08000400                TIM8_UP_IRQHandler
                0x08000400                DMA2_Channel2_IRQHandler
                0x08000400                DMA1_Channel4_IRQHandler
                0x08000400                USART3_IRQHandler
                0x08000400                DMA1_Channel7_IRQHandler
                0x08000400                CAN1_RX1_IRQHandler
                0x08000400                UART5_IRQHandler
                0x08000400                ADC3_IRQHandler
                0x08000400                TIM4_IRQHandler
                0x08000400                DMA2_Channel1_IRQHandler
                0x08000400                I2C1_EV_IRQHandler
                0x08000400                DMA1_Channel6_IRQHandler
                0x08000400                UART4_IRQHandler
                0x08000400                DMA2_Channel4_IRQHandler
                0x08000400                TIM3_IRQHandler
                0x08000400                RCC_IRQHandler
                0x08000400                DMA1_Channel1_IRQHandler
                0x08000400                Default_Handler
                0x08000400                USBWakeUp_RMP_IRQHandler
                0x08000400                EXTI15_10_IRQHandler
                0x08000400                TIM7_IRQHandler
                0x08000400                EXTI9_5_IRQHandler
                0x08000400                TAMPER_STAMP_IRQHandler
                0x08000400                RTC_WKUP_IRQHandler
                0x08000400                SPI2_IRQHandler
                0x08000400                DMA2_Channel5_IRQHandler
                0x08000400                DMA1_Channel5_IRQHandler
                0x08000400                USB_LP_IRQHandler
                0x08000400                EXTI4_IRQHandler
                0x08000400                USB_LP_CAN1_RX0_IRQHandler
                0x08000400                TIM1_TRG_COM_TIM17_IRQHandler
                0x08000400                USB_HP_CAN1_TX_IRQHandler
                0x08000400                DMA1_Channel3_IRQHandler
                0x08000400                ADC4_IRQHandler
                0x08000400                WWDG_IRQHandler
                0x08000400                TIM2_IRQHandler
                0x08000400                COMP7_IRQHandler
                0x08000400                COMP1_2_3_IRQHandler
                0x08000400                EXTI1_IRQHandler
                0x08000400                USART2_IRQHandler
                0x08000400                COMP4_5_6_IRQHandler
                0x08000400                I2C2_ER_IRQHandler
                0x08000400                DMA1_Channel2_IRQHandler
                0x08000400                TIM8_BRK_IRQHandler
                0x08000400                CAN1_SCE_IRQHandler
                0x08000400                FLASH_IRQHandler
                0x08000400                USART1_IRQHandler
                0x08000400                SPI3_IRQHandler
                0x08000400                I2C1_ER_IRQHandler
                0x08000400                USBWakeUp_IRQHandler
                0x08000400                DMA2_Channel3_IRQHandler
                0x08000400                TIM1_BRK_TIM15_IRQHandler

.inits          0x08000408       0x28
                0x08000408                __data_regions_array_start = .
                0x08000408        0x4 LONG 0x8004190 LOADADDR (.data)
                0x0800040c        0x4 LONG 0x20000000 ADDR (.data)
                0x08000410        0x4 LONG 0x20000480 (ADDR (.data) + SIZEOF (.data))
                0x08000414        0x4 LONG 0x8004190 LOADADDR (.data_CCMRAM)
                0x08000418        0x4 LONG 0x10000000 ADDR (.data_CCMRAM)
                0x0800041c        0x4 LONG 0x10000000 (ADDR (.data_CCMRAM) + SIZEOF (.data_CCMRAM))
                0x08000420                __data_regions_array_end = .
                0x08000420                __bss_regions_array_start = .
                0x08000420        0x4 LONG 0x20000480 ADDR (.bss)
                0x08000424        0x4 LONG 0x20000490 (ADDR (.bss) + SIZEOF (.bss))
                0x08000428        0x4 LONG 0x10000000 ADDR (.bss_CCMRAM)
                0x0800042c        0x4 LONG 0x10000000 (ADDR (.bss_CCMRAM) + SIZEOF (.bss_CCMRAM))
                0x08000430                __bss_regions_array_end = .
 *(.init)
 *(.fini)
                0x08000430                . = ALIGN (0x4)
                0x08000430                PROVIDE (__preinit_array_start, .)
 *(.preinit_array_sysinit .preinit_array_sysinit.*)
 *(.preinit_array_platform .preinit_array_platform.*)
 *(.preinit_array .preinit_array.*)
                0x08000430                PROVIDE (__preinit_array_end, .)
                0x08000430                . = ALIGN (0x4)
                0x08000430                PROVIDE (__init_array_start, .)
 *(SORT(.init_array.*))
 *(.init_array)
                0x08000430                PROVIDE (__init_array_end, .)
                0x08000430                . = ALIGN (0x4)
                0x08000430                PROVIDE (__fini_array_start, .)
 *(SORT(.fini_array.*))
 *(.fini_array)
                0x08000430                PROVIDE (__fini_array_end, .)

.flashtext
 *(.flashtext .flashtext.*)

.text           0x08000430     0x3d60
 *(.text .text.*)
 .text.GPIO_Init
                0x08000430      0x208 ./system/src/stm32f3-stdperiph/stm32f30x_gpio.o
                0x08000430                GPIO_Init
 .text.GPIO_ReadInputData
                0x08000638       0x68 ./system/src/stm32f3-stdperiph/stm32f30x_gpio.o
                0x08000638                GPIO_ReadInputData
 .text.GPIO_ReadOutputData
                0x080006a0       0x68 ./system/src/stm32f3-stdperiph/stm32f30x_gpio.o
                0x080006a0                GPIO_ReadOutputData
 .text.GPIO_SetBits
                0x08000708       0x7c ./system/src/stm32f3-stdperiph/stm32f30x_gpio.o
                0x08000708                GPIO_SetBits
 .text.GPIO_ResetBits
                0x08000784       0x7c ./system/src/stm32f3-stdperiph/stm32f30x_gpio.o
                0x08000784                GPIO_ResetBits
 .text.GPIO_PinAFConfig
                0x08000800      0x1a4 ./system/src/stm32f3-stdperiph/stm32f30x_gpio.o
                0x08000800                GPIO_PinAFConfig
 .text.RCC_GetClocksFreq
                0x080009a4      0x414 ./system/src/stm32f3-stdperiph/stm32f30x_rcc.o
                0x080009a4                RCC_GetClocksFreq
 .text.RCC_AHBPeriphClockCmd
                0x08000db8       0x70 ./system/src/stm32f3-stdperiph/stm32f30x_rcc.o
                0x08000db8                RCC_AHBPeriphClockCmd
 .text.RCC_APB2PeriphClockCmd
                0x08000e28       0x70 ./system/src/stm32f3-stdperiph/stm32f30x_rcc.o
                0x08000e28                RCC_APB2PeriphClockCmd
 .text.TIM_TimeBaseInit
                0x08000e98      0x1a0 ./system/src/stm32f3-stdperiph/stm32f30x_tim.o
                0x08000e98                TIM_TimeBaseInit
 .text.TIM_Cmd  0x08001038       0xd4 ./system/src/stm32f3-stdperiph/stm32f30x_tim.o
                0x08001038                TIM_Cmd
 .text.TIM_OC1Init
                0x0800110c      0x2a0 ./system/src/stm32f3-stdperiph/stm32f30x_tim.o
                0x0800110c                TIM_OC1Init
 .text.TIM_OC2Init
                0x080013ac      0x270 ./system/src/stm32f3-stdperiph/stm32f30x_tim.o
                0x080013ac                TIM_OC2Init
 .text.TIM_OC3Init
                0x0800161c      0x260 ./system/src/stm32f3-stdperiph/stm32f30x_tim.o
                0x0800161c                TIM_OC3Init
 .text.TIM_OC4Init
                0x0800187c      0x1d4 ./system/src/stm32f3-stdperiph/stm32f30x_tim.o
                0x0800187c                TIM_OC4Init
 .text.TIM_SetCompare1
                0x08001a50       0x80 ./system/src/stm32f3-stdperiph/stm32f30x_tim.o
                0x08001a50                TIM_SetCompare1
 .text.TIM_SetCompare2
                0x08001ad0       0x68 ./system/src/stm32f3-stdperiph/stm32f30x_tim.o
                0x08001ad0                TIM_SetCompare2
 .text.TIM_SetCompare3
                0x08001b38       0x5c ./system/src/stm32f3-stdperiph/stm32f30x_tim.o
                0x08001b38                TIM_SetCompare3
 .text.TIM_SetCompare4
                0x08001b94       0x5c ./system/src/stm32f3-stdperiph/stm32f30x_tim.o
                0x08001b94                TIM_SetCompare4
 .text.TIM_OC1PreloadConfig
                0x08001bf0       0xb4 ./system/src/stm32f3-stdperiph/stm32f30x_tim.o
                0x08001bf0                TIM_OC1PreloadConfig
 .text.TIM_OC2PreloadConfig
                0x08001ca4       0x9c ./system/src/stm32f3-stdperiph/stm32f30x_tim.o
                0x08001ca4                TIM_OC2PreloadConfig
 .text.TIM_OC3PreloadConfig
                0x08001d40       0x90 ./system/src/stm32f3-stdperiph/stm32f30x_tim.o
                0x08001d40                TIM_OC3PreloadConfig
 .text.TIM_OC4PreloadConfig
                0x08001dd0       0x90 ./system/src/stm32f3-stdperiph/stm32f30x_tim.o
                0x08001dd0                TIM_OC4PreloadConfig
 .text.TIM_CtrlPWMOutputs
                0x08001e60       0x94 ./system/src/stm32f3-stdperiph/stm32f30x_tim.o
                0x08001e60                TIM_CtrlPWMOutputs
 .text._exit    0x08001ef4        0xc ./system/src/newlib/_exit.o
                0x08001ef4                _exit
 .text.abort    0x08001f00       0x14 ./system/src/newlib/_exit.o
                0x08001f00                abort
 .text.__initialize_args
                0x08001f14       0x28 ./system/src/newlib/_syscalls.o
                0x08001f14                __initialize_args
 .text.assert_failed
                0x08001f3c       0x18 ./system/src/newlib/assert.o
                0x08001f3c                assert_failed
 .text.__initialize_hardware_early
                0x08001f54        0xc ./system/src/cortexm/_initialize_hardware.o
                0x08001f54                __initialize_hardware_early
 .text.__initialize_hardware
                0x08001f60        0xc ./system/src/cortexm/_initialize_hardware.o
                0x08001f60                __initialize_hardware
 .text.SystemInit
                0x08001f6c       0x80 ./system/src/CMSIS/system_stm32f30x.o
                0x08001f6c                SystemInit
 .text.SystemCoreClockUpdate
                0x08001fec       0xd4 ./system/src/CMSIS/system_stm32f30x.o
                0x08001fec                SystemCoreClockUpdate
 .text.SetSysClock
                0x080020c0       0xe0 ./system/src/CMSIS/system_stm32f30x.o
 .text.NVIC_SetPriority
                0x080021a0       0x54 ./src/HD44780_F3.o
 .text.SysTick_Config
                0x080021f4       0x44 ./src/HD44780_F3.o
 .text.hd44780_wr_hi_nibble
                0x08002238       0xa8 ./src/HD44780_F3.o
                0x08002238                hd44780_wr_hi_nibble
 .text.hd44780_write
                0x080022e0      0x130 ./src/HD44780_F3.o
                0x080022e0                hd44780_write
 .text.hd44780_wr_cmd
                0x08002410       0x24 ./src/HD44780_F3.o
                0x08002410                hd44780_wr_cmd
 .text.hd44780_wr_data
                0x08002434       0x24 ./src/HD44780_F3.o
                0x08002434                hd44780_wr_data
 .text.LCD_init
                0x08002458       0x24 ./src/HD44780_F3.o
                0x08002458                LCD_init
 .text.Buffer_init
                0x0800247c       0x90 ./src/HD44780_F3.o
                0x0800247c                Buffer_init
 .text.HD44780_Init
                0x0800250c      0x100 ./src/HD44780_F3.o
                0x0800250c                HD44780_Init
 .text.pwm_init
                0x0800260c      0x128 ./src/HD44780_F3.o
                0x0800260c                pwm_init
 .text.HD44780_set_contrast
                0x08002734       0x3c ./src/HD44780_F3.o
                0x08002734                HD44780_set_contrast
 .text.HD44780_PutChar
                0x08002770       0x18 ./src/HD44780_F3.o
                0x08002770                HD44780_PutChar
 .text.HD44780_GotoXY
                0x08002788       0x70 ./src/HD44780_F3.o
                0x08002788                HD44780_GotoXY
 .text.HD44780_PutStr
                0x080027f8       0x3c ./src/HD44780_F3.o
                0x080027f8                HD44780_PutStr
 .text.HD44780_ClrScr
                0x08002834       0x14 ./src/HD44780_F3.o
                0x08002834                HD44780_ClrScr
 .text.Buffer_insert
                0x08002848       0x9c ./src/HD44780_F3.o
                0x08002848                Buffer_insert
 .text.keypad_init
                0x080028e4       0xf4 ./src/KeyPad.o
                0x080028e4                keypad_init
 .text.keypad_read
                0x080029d8      0x110 ./src/KeyPad.o
                0x080029d8                keypad_read
 .text.get_code
                0x08002ae8       0x6c ./src/KeyPad.o
                0x08002ae8                get_code
 .text.keypad_flush
                0x08002b54       0x3c ./src/KeyPad.o
                0x08002b54                keypad_flush
 .text.sense_init
                0x08002b90       0x1c ./src/Sens.o
                0x08002b90                sense_init
 .text.edge_detection_init
                0x08002bac       0x34 ./src/Sens.o
                0x08002bac                edge_detection_init
 .text.edge_read
                0x08002be0       0x58 ./src/Sens.o
                0x08002be0                edge_read
 .text.magn_init
                0x08002c38       0x3c ./src/Sens.o
                0x08002c38                magn_init
 .text.move_init
                0x08002c74       0x3c ./src/Sens.o
                0x08002c74                move_init
 .text.sense_read
                0x08002cb0       0x38 ./src/Sens.o
                0x08002cb0                sense_read
 .text.NVIC_SetPriority
                0x08002ce8       0x54 ./src/Timer.o
 .text.SysTick_Config
                0x08002d3c       0x44 ./src/Timer.o
 .text.timer_start
                0x08002d80       0x20 ./src/Timer.o
                0x08002d80                timer_start
 .text.timer_sleep
                0x08002da0       0x28 ./src/Timer.o
                0x08002da0                timer_sleep
 .text.timer_tick
                0x08002dc8       0x24 ./src/Timer.o
                0x08002dc8                timer_tick
 .text.SysTick_Handler
                0x08002dec        0xc ./src/Timer.o
                0x08002dec                SysTick_Handler
 .text.main     0x08002df8      0x364 ./src/main.o
                0x08002df8                main
 .text.alarm_init
                0x0800315c       0x68 ./src/main.o
                0x0800315c                alarm_init
 .text.log      0x080031c4       0xf8 c:/program files (x86)/gnu tools arm embedded/4.9 2015q1/bin/../lib/gcc/arm-none-eabi/4.9.3/../../../../arm-none-eabi/lib/armv7e-m\libm.a(lib_a-w_log.o)
                0x080031c4                log
 *fill*         0x080032bc        0x4 
 .text.__ieee754_log
                0x080032c0      0x3d0 c:/program files (x86)/gnu tools arm embedded/4.9 2015q1/bin/../lib/gcc/arm-none-eabi/4.9.3/../../../../arm-none-eabi/lib/armv7e-m\libm.a(lib_a-e_log.o)
                0x080032c0                __ieee754_log
 .text.__fpclassifyd
                0x08003690       0x58 c:/program files (x86)/gnu tools arm embedded/4.9 2015q1/bin/../lib/gcc/arm-none-eabi/4.9.3/../../../../arm-none-eabi/lib/armv7e-m\libm.a(lib_a-s_fpclassify.o)
                0x08003690                __fpclassifyd
 .text.matherr  0x080036e8        0x4 c:/program files (x86)/gnu tools arm embedded/4.9 2015q1/bin/../lib/gcc/arm-none-eabi/4.9.3/../../../../arm-none-eabi/lib/armv7e-m\libm.a(lib_a-s_matherr.o)
                0x080036e8                matherr
 .text.nan      0x080036ec        0xc c:/program files (x86)/gnu tools arm embedded/4.9 2015q1/bin/../lib/gcc/arm-none-eabi/4.9.3/../../../../arm-none-eabi/lib/armv7e-m\libm.a(lib_a-s_nan.o)
                0x080036ec                nan
 .text          0x080036f8      0x370 c:/program files (x86)/gnu tools arm embedded/4.9 2015q1/bin/../lib/gcc/arm-none-eabi/4.9.3/armv7e-m\libgcc.a(_arm_addsubdf3.o)
                0x080036f8                __aeabi_drsub
                0x08003700                __aeabi_dsub
                0x08003700                __subdf3
                0x08003704                __aeabi_dadd
                0x08003704                __adddf3
                0x0800397c                __floatunsidf
                0x0800397c                __aeabi_ui2d
                0x0800399c                __floatsidf
                0x0800399c                __aeabi_i2d
                0x080039c0                __aeabi_f2d
                0x080039c0                __extendsfdf2
                0x080039fc                __floatundidf
                0x080039fc                __aeabi_ul2d
                0x08003a0c                __floatdidf
                0x08003a0c                __aeabi_l2d
 .text          0x08003a68      0x424 c:/program files (x86)/gnu tools arm embedded/4.9 2015q1/bin/../lib/gcc/arm-none-eabi/4.9.3/armv7e-m\libgcc.a(_arm_muldivdf3.o)
                0x08003a68                __aeabi_dmul
                0x08003a68                __muldf3
                0x08003cbc                __divdf3
                0x08003cbc                __aeabi_ddiv
 .text          0x08003e8c      0x110 c:/program files (x86)/gnu tools arm embedded/4.9 2015q1/bin/../lib/gcc/arm-none-eabi/4.9.3/armv7e-m\libgcc.a(_arm_cmpdf2.o)
                0x08003e8c                __gtdf2
                0x08003e8c                __gedf2
                0x08003e94                __ltdf2
                0x08003e94                __ledf2
                0x08003e9c                __nedf2
                0x08003e9c                __eqdf2
                0x08003e9c                __cmpdf2
                0x08003f18                __aeabi_cdrcmple
                0x08003f28                __aeabi_cdcmpeq
                0x08003f28                __aeabi_cdcmple
                0x08003f38                __aeabi_dcmpeq
                0x08003f4c                __aeabi_dcmplt
                0x08003f60                __aeabi_dcmple
                0x08003f74                __aeabi_dcmpge
                0x08003f88                __aeabi_dcmpgt
 .text          0x08003f9c       0x40 c:/program files (x86)/gnu tools arm embedded/4.9 2015q1/bin/../lib/gcc/arm-none-eabi/4.9.3/armv7e-m\libgcc.a(_arm_fixunsdfsi.o)
                0x08003f9c                __aeabi_d2uiz
                0x08003f9c                __fixunsdfsi
 .text.__errno  0x08003fdc        0xc c:/program files (x86)/gnu tools arm embedded/4.9 2015q1/bin/../lib/gcc/arm-none-eabi/4.9.3/../../../../arm-none-eabi/lib/armv7e-m\libg.a(lib_a-errno.o)
                0x08003fdc                __errno
 *(.rodata .rodata.* .constdata .constdata.*)
 .rodata        0x08003fe8       0x34 ./system/src/stm32f3-stdperiph/stm32f30x_gpio.o
 .rodata        0x0800401c       0x30 ./system/src/stm32f3-stdperiph/stm32f30x_rcc.o
 .rodata        0x0800404c       0x30 ./system/src/stm32f3-stdperiph/stm32f30x_tim.o
 .rodata        0x0800407c       0x14 ./system/src/newlib/_exit.o
 .rodata        0x08004090       0x70 ./system/src/newlib/assert.o
 .rodata        0x08004100       0x2c ./src/HD44780_F3.o
 .rodata        0x0800412c        0xc ./src/KeyPad.o
 .rodata        0x08004138       0x4c ./src/main.o
 .rodata.str1.4
                0x08004184        0x5 c:/program files (x86)/gnu tools arm embedded/4.9 2015q1/bin/../lib/gcc/arm-none-eabi/4.9.3/../../../../arm-none-eabi/lib/armv7e-m\libm.a(lib_a-w_log.o)
                                  0x8 (size before relaxing)
 *fill*         0x08004189        0x3 
 .rodata.str1.4
                0x0800418c        0x4 c:/program files (x86)/gnu tools arm embedded/4.9 2015q1/bin/../lib/gcc/arm-none-eabi/4.9.3/../../../../arm-none-eabi/lib/armv7e-m\libg.a(lib_a-impure.o)
 *(vtable)
 *(.eh_frame*)
 *(.glue_7)
 .glue_7        0x00000000        0x0 linker stubs
 *(.glue_7t)
 .glue_7t       0x00000000        0x0 linker stubs

.vfp11_veneer   0x08004190        0x0
 .vfp11_veneer  0x00000000        0x0 linker stubs

.v4_bx          0x08004190        0x0
 .v4_bx         0x00000000        0x0 linker stubs

.iplt           0x08004190        0x0
 .iplt          0x00000000        0x0 ./system/src/stm32f3-stdperiph/stm32f30x_gpio.o

.rel.dyn        0x08004190        0x0
 .rel.iplt      0x00000000        0x0 ./system/src/stm32f3-stdperiph/stm32f30x_gpio.o

.ARM.extab
 *(.ARM.extab* .gnu.linkonce.armextab.*)
                0x08004190                . = ALIGN (0x4)
                0x08004190                __exidx_start = .

.ARM.exidx
 *(.ARM.exidx* .gnu.linkonce.armexidx.*)
                0x08004190                __exidx_end = .
                0x08004190                . = ALIGN (0x4)
                0x08004190                _etext = .
                0x08004190                __etext = .

.data_CCMRAM    0x10000000        0x0 load address 0x08004190
 FILL mask 0xff
 *(.data.CCMRAM .data.CCMRAM.*)
                0x10000000                . = ALIGN (0x4)
                0x08004190                _sidata = LOADADDR (.data)

.data           0x20000000      0x480 load address 0x08004190
 FILL mask 0xff
                0x20000000                _sdata = .
                0x20000000                __data_start__ = .
 *(.data_begin .data_begin.*)
 .data_begin    0x20000000        0x4 ./system/src/newlib/_startup.o
 *(.data .data.*)
 .data.APBAHBPrescTable
                0x20000004       0x10 ./system/src/stm32f3-stdperiph/stm32f30x_rcc.o
 .data.ADCPrescTable
                0x20000014       0x1c ./system/src/stm32f3-stdperiph/stm32f30x_rcc.o
 .data.argv.4062
                0x20000030        0x8 ./system/src/newlib/_syscalls.o
 .data.SystemCoreClock
                0x20000038        0x4 ./system/src/CMSIS/system_stm32f30x.o
                0x20000038                SystemCoreClock
 .data.AHBPrescTable
                0x2000003c       0x10 ./system/src/CMSIS/system_stm32f30x.o
                0x2000003c                AHBPrescTable
 .data.__fdlib_version
                0x2000004c        0x1 c:/program files (x86)/gnu tools arm embedded/4.9 2015q1/bin/../lib/gcc/arm-none-eabi/4.9.3/../../../../arm-none-eabi/lib/armv7e-m\libm.a(lib_a-s_lib_ver.o)
                0x2000004c                __fdlib_version
 *fill*         0x2000004d        0x3 
 .data.impure_data
                0x20000050      0x428 c:/program files (x86)/gnu tools arm embedded/4.9 2015q1/bin/../lib/gcc/arm-none-eabi/4.9.3/../../../../arm-none-eabi/lib/armv7e-m\libg.a(lib_a-impure.o)
 .data._impure_ptr
                0x20000478        0x4 c:/program files (x86)/gnu tools arm embedded/4.9 2015q1/bin/../lib/gcc/arm-none-eabi/4.9.3/../../../../arm-none-eabi/lib/armv7e-m\libg.a(lib_a-impure.o)
                0x20000478                _impure_ptr
 *(.data_end .data_end.*)
 .data_end      0x2000047c        0x4 ./system/src/newlib/_startup.o
                0x20000480                . = ALIGN (0x4)
                0x20000480                _edata = .
                0x20000480                __data_end__ = .

.igot.plt       0x20000480        0x0 load address 0x08004610
 .igot.plt      0x00000000        0x0 ./system/src/stm32f3-stdperiph/stm32f30x_gpio.o

.bss_CCMRAM     0x10000000        0x0
 *(.bss.CCMRAM .bss.CCMRAM.*)

.bss            0x20000480       0x10
                0x20000480                __bss_start__ = .
                0x20000480                _sbss = .
 *(.bss_begin .bss_begin.*)
 .bss_begin     0x20000480        0x4 ./system/src/newlib/_startup.o
 *(.bss .bss.*)
 .bss.name.4061
                0x20000484        0x4 ./system/src/newlib/_syscalls.o
 *(COMMON)
 COMMON         0x20000488        0x4 ./src/Timer.o
                0x20000488                timer_delayCount
 *(.bss_end .bss_end.*)
 .bss_end       0x2000048c        0x4 ./system/src/newlib/_startup.o
                0x20000490                . = ALIGN (0x4)
                0x20000490                __bss_end__ = .
                0x20000490                _ebss = .

.noinit_CCMRAM
 *(.noinit.CCMRAM .noinit.CCMRAM.*)

.noinit         0x20000490        0x0
                0x20000490                _noinit = .
 *(.noinit .noinit.*)
                0x20000490                . = ALIGN (0x4)
                0x20000490                _end_noinit = .
                0x20000490                PROVIDE (end, _end_noinit)
                0x20000490                PROVIDE (_end, _end_noinit)
                0x20000490                PROVIDE (__end, _end_noinit)
                0x20000490                PROVIDE (__end__, _end_noinit)

._check_stack   0x20000490      0x100
                0x20000590                . = (. + _Minimum_Stack_Size)
 *fill*         0x20000490      0x100 

.b1text
 *(.b1text)
 *(.b1rodata)
 *(.b1rodata.*)

.eb0text
 *(.eb0text)
 *(.eb0rodata)
 *(.eb0rodata.*)

.eb1text
 *(.eb1text)
 *(.eb1rodata)
 *(.eb1rodata.*)

.eb2text
 *(.eb2text)
 *(.eb2rodata)
 *(.eb2rodata.*)

.eb3text
 *(.eb3text)
 *(.eb3rodata)
 *(.eb3rodata.*)

.stab
 *(.stab)

.stabstr
 *(.stabstr)

.stab.excl
 *(.stab.excl)

.stab.exclstr
 *(.stab.exclstr)

.stab.index
 *(.stab.index)

.stab.indexstr
 *(.stab.indexstr)

.comment        0x00000000       0x70
 *(.comment)
 .comment       0x00000000       0x70 ./system/src/stm32f3-stdperiph/stm32f30x_gpio.o
                                 0x71 (size before relaxing)
 .comment       0x00000000       0x71 ./system/src/stm32f3-stdperiph/stm32f30x_rcc.o
 .comment       0x00000000       0x71 ./system/src/stm32f3-stdperiph/stm32f30x_tim.o
 .comment       0x00000000       0x71 ./system/src/newlib/_exit.o
 .comment       0x00000000       0x71 ./system/src/newlib/_startup.o
 .comment       0x00000000       0x71 ./system/src/newlib/_syscalls.o
 .comment       0x00000000       0x71 ./system/src/newlib/assert.o
 .comment       0x00000000       0x71 ./system/src/cortexm/_initialize_hardware.o
 .comment       0x00000000       0x71 ./system/src/cortexm/exception_handlers.o
 .comment       0x00000000       0x71 ./system/src/CMSIS/system_stm32f30x.o
 .comment       0x00000000       0x71 ./system/src/CMSIS/vectors_stm32f30x.o
 .comment       0x00000000       0x71 ./src/HD44780_F3.o
 .comment       0x00000000       0x71 ./src/KeyPad.o
 .comment       0x00000000       0x71 ./src/Sens.o
 .comment       0x00000000       0x71 ./src/Timer.o
 .comment       0x00000000       0x71 ./src/main.o

.ARM.attributes
                0x00000000       0x33
 .ARM.attributes
                0x00000000       0x33 ./system/src/stm32f3-stdperiph/stm32f30x_gpio.o
 .ARM.attributes
                0x00000033       0x33 ./system/src/stm32f3-stdperiph/stm32f30x_rcc.o
 .ARM.attributes
                0x00000066       0x33 ./system/src/stm32f3-stdperiph/stm32f30x_tim.o
 .ARM.attributes
                0x00000099       0x33 ./system/src/newlib/_exit.o
 .ARM.attributes
                0x000000cc       0x33 ./system/src/newlib/_startup.o
 .ARM.attributes
                0x000000ff       0x33 ./system/src/newlib/_syscalls.o
 .ARM.attributes
                0x00000132       0x33 ./system/src/newlib/assert.o
 .ARM.attributes
                0x00000165       0x33 ./system/src/cortexm/_initialize_hardware.o
 .ARM.attributes
                0x00000198       0x33 ./system/src/cortexm/exception_handlers.o
 .ARM.attributes
                0x000001cb       0x33 ./system/src/CMSIS/system_stm32f30x.o
 .ARM.attributes
                0x000001fe       0x33 ./system/src/CMSIS/vectors_stm32f30x.o
 .ARM.attributes
                0x00000231       0x33 ./src/HD44780_F3.o
 .ARM.attributes
                0x00000264       0x33 ./src/KeyPad.o
 .ARM.attributes
                0x00000297       0x33 ./src/Sens.o
 .ARM.attributes
                0x000002ca       0x33 ./src/Timer.o
 .ARM.attributes
                0x000002fd       0x33 ./src/main.o
 .ARM.attributes
                0x00000330       0x2e c:/program files (x86)/gnu tools arm embedded/4.9 2015q1/bin/../lib/gcc/arm-none-eabi/4.9.3/../../../../arm-none-eabi/lib/armv7e-m\libm.a(lib_a-w_log.o)
 .ARM.attributes
                0x0000035e       0x2e c:/program files (x86)/gnu tools arm embedded/4.9 2015q1/bin/../lib/gcc/arm-none-eabi/4.9.3/../../../../arm-none-eabi/lib/armv7e-m\libm.a(lib_a-e_log.o)
 .ARM.attributes
                0x0000038c       0x2e c:/program files (x86)/gnu tools arm embedded/4.9 2015q1/bin/../lib/gcc/arm-none-eabi/4.9.3/../../../../arm-none-eabi/lib/armv7e-m\libm.a(lib_a-s_fpclassify.o)
 .ARM.attributes
                0x000003ba       0x2e c:/program files (x86)/gnu tools arm embedded/4.9 2015q1/bin/../lib/gcc/arm-none-eabi/4.9.3/../../../../arm-none-eabi/lib/armv7e-m\libm.a(lib_a-s_lib_ver.o)
 .ARM.attributes
                0x000003e8       0x2e c:/program files (x86)/gnu tools arm embedded/4.9 2015q1/bin/../lib/gcc/arm-none-eabi/4.9.3/../../../../arm-none-eabi/lib/armv7e-m\libm.a(lib_a-s_matherr.o)
 .ARM.attributes
                0x00000416       0x2e c:/program files (x86)/gnu tools arm embedded/4.9 2015q1/bin/../lib/gcc/arm-none-eabi/4.9.3/../../../../arm-none-eabi/lib/armv7e-m\libm.a(lib_a-s_nan.o)
 .ARM.attributes
                0x00000444       0x1e c:/program files (x86)/gnu tools arm embedded/4.9 2015q1/bin/../lib/gcc/arm-none-eabi/4.9.3/armv7e-m\libgcc.a(_arm_addsubdf3.o)
 .ARM.attributes
                0x00000462       0x1e c:/program files (x86)/gnu tools arm embedded/4.9 2015q1/bin/../lib/gcc/arm-none-eabi/4.9.3/armv7e-m\libgcc.a(_arm_muldivdf3.o)
 .ARM.attributes
                0x00000480       0x1e c:/program files (x86)/gnu tools arm embedded/4.9 2015q1/bin/../lib/gcc/arm-none-eabi/4.9.3/armv7e-m\libgcc.a(_arm_cmpdf2.o)
 .ARM.attributes
                0x0000049e       0x1e c:/program files (x86)/gnu tools arm embedded/4.9 2015q1/bin/../lib/gcc/arm-none-eabi/4.9.3/armv7e-m\libgcc.a(_arm_fixunsdfsi.o)
 .ARM.attributes
                0x000004bc       0x2e c:/program files (x86)/gnu tools arm embedded/4.9 2015q1/bin/../lib/gcc/arm-none-eabi/4.9.3/../../../../arm-none-eabi/lib/armv7e-m\libg.a(lib_a-errno.o)
 .ARM.attributes
                0x000004ea       0x2e c:/program files (x86)/gnu tools arm embedded/4.9 2015q1/bin/../lib/gcc/arm-none-eabi/4.9.3/../../../../arm-none-eabi/lib/armv7e-m\libg.a(lib_a-impure.o)

.debug
 *(.debug)

.line
 *(.line)

.debug_srcinfo
 *(.debug_srcinfo)

.debug_sfnames
 *(.debug_sfnames)

.debug_aranges  0x00000000      0x8c8
 *(.debug_aranges)
 .debug_aranges
                0x00000000       0x80 ./system/src/stm32f3-stdperiph/stm32f30x_gpio.o
 .debug_aranges
                0x00000080      0x150 ./system/src/stm32f3-stdperiph/stm32f30x_rcc.o
 .debug_aranges
                0x000001d0      0x3a8 ./system/src/stm32f3-stdperiph/stm32f30x_tim.o
 .debug_aranges
                0x00000578       0x28 ./system/src/newlib/_exit.o
 .debug_aranges
                0x000005a0       0x40 ./system/src/newlib/_startup.o
 .debug_aranges
                0x000005e0       0x30 ./system/src/newlib/_syscalls.o
 .debug_aranges
                0x00000610       0x28 ./system/src/newlib/assert.o
 .debug_aranges
                0x00000638       0x28 ./system/src/cortexm/_initialize_hardware.o
 .debug_aranges
                0x00000660       0x80 ./system/src/cortexm/exception_handlers.o
 .debug_aranges
                0x000006e0       0x30 ./system/src/CMSIS/system_stm32f30x.o
 .debug_aranges
                0x00000710       0x20 ./system/src/CMSIS/vectors_stm32f30x.o
 .debug_aranges
                0x00000730       0xa8 ./src/HD44780_F3.o
 .debug_aranges
                0x000007d8       0x38 ./src/KeyPad.o
 .debug_aranges
                0x00000810       0x48 ./src/Sens.o
 .debug_aranges
                0x00000858       0x48 ./src/Timer.o
 .debug_aranges
                0x000008a0       0x28 ./src/main.o

.debug_pubnames
 *(.debug_pubnames)

.debug_info     0x00000000     0x6699
 *(.debug_info .gnu.linkonce.wi.*)
 .debug_info    0x00000000      0x5da ./system/src/stm32f3-stdperiph/stm32f30x_gpio.o
 .debug_info    0x000005da      0xa88 ./system/src/stm32f3-stdperiph/stm32f30x_rcc.o
 .debug_info    0x00001062     0x2160 ./system/src/stm32f3-stdperiph/stm32f30x_tim.o
 .debug_info    0x000031c2       0xdf ./system/src/newlib/_exit.o
 .debug_info    0x000032a1      0x45c ./system/src/newlib/_startup.o
 .debug_info    0x000036fd      0x18b ./system/src/newlib/_syscalls.o
 .debug_info    0x00003888      0x149 ./system/src/newlib/assert.o
 .debug_info    0x000039d1       0xb5 ./system/src/cortexm/_initialize_hardware.o
 .debug_info    0x00003a86      0x288 ./system/src/cortexm/exception_handlers.o
 .debug_info    0x00003d0e      0x474 ./system/src/CMSIS/system_stm32f30x.o
 .debug_info    0x00004182       0xd1 ./system/src/CMSIS/vectors_stm32f30x.o
 .debug_info    0x00004253      0xedf ./src/HD44780_F3.o
 .debug_info    0x00005132      0x47d ./src/KeyPad.o
 .debug_info    0x000055af      0x3f8 ./src/Sens.o
 .debug_info    0x000059a7      0x67b ./src/Timer.o
 .debug_info    0x00006022      0x677 ./src/main.o

.debug_abbrev   0x00000000     0x1504
 *(.debug_abbrev)
 .debug_abbrev  0x00000000      0x1a8 ./system/src/stm32f3-stdperiph/stm32f30x_gpio.o
 .debug_abbrev  0x000001a8      0x1e6 ./system/src/stm32f3-stdperiph/stm32f30x_rcc.o
 .debug_abbrev  0x0000038e      0x18c ./system/src/stm32f3-stdperiph/stm32f30x_tim.o
 .debug_abbrev  0x0000051a       0xa0 ./system/src/newlib/_exit.o
 .debug_abbrev  0x000005ba      0x16a ./system/src/newlib/_startup.o
 .debug_abbrev  0x00000724       0xc9 ./system/src/newlib/_syscalls.o
 .debug_abbrev  0x000007ed       0x9a ./system/src/newlib/assert.o
 .debug_abbrev  0x00000887       0x6a ./system/src/cortexm/_initialize_hardware.o
 .debug_abbrev  0x000008f1      0x109 ./system/src/cortexm/exception_handlers.o
 .debug_abbrev  0x000009fa      0x14a ./system/src/CMSIS/system_stm32f30x.o
 .debug_abbrev  0x00000b44       0x9d ./system/src/CMSIS/vectors_stm32f30x.o
 .debug_abbrev  0x00000be1      0x27f ./src/HD44780_F3.o
 .debug_abbrev  0x00000e60      0x179 ./src/KeyPad.o
 .debug_abbrev  0x00000fd9      0x1b1 ./src/Sens.o
 .debug_abbrev  0x0000118a      0x1ab ./src/Timer.o
 .debug_abbrev  0x00001335      0x1cf ./src/main.o

.debug_line     0x00000000     0x7063
 *(.debug_line)
 .debug_line    0x00000000      0x802 ./system/src/stm32f3-stdperiph/stm32f30x_gpio.o
 .debug_line    0x00000802      0xb39 ./system/src/stm32f3-stdperiph/stm32f30x_rcc.o
 .debug_line    0x0000133b     0x262f ./system/src/stm32f3-stdperiph/stm32f30x_tim.o
 .debug_line    0x0000396a      0x2c0 ./system/src/newlib/_exit.o
 .debug_line    0x00003c2a      0x33e ./system/src/newlib/_startup.o
 .debug_line    0x00003f68      0x376 ./system/src/newlib/_syscalls.o
 .debug_line    0x000042de      0x2e6 ./system/src/newlib/assert.o
 .debug_line    0x000045c4      0x375 ./system/src/cortexm/_initialize_hardware.o
 .debug_line    0x00004939      0x603 ./system/src/cortexm/exception_handlers.o
 .debug_line    0x00004f3c      0x3be ./system/src/CMSIS/system_stm32f30x.o
 .debug_line    0x000052fa      0x108 ./system/src/CMSIS/vectors_stm32f30x.o
 .debug_line    0x00005402      0x7fa ./src/HD44780_F3.o
 .debug_line    0x00005bfc      0x602 ./src/KeyPad.o
 .debug_line    0x000061fe      0x3cd ./src/Sens.o
 .debug_line    0x000065cb      0x3f5 ./src/Timer.o
 .debug_line    0x000069c0      0x6a3 ./src/main.o

.debug_frame    0x00000000     0x2254
 *(.debug_frame)
 .debug_frame   0x00000000      0x1e8 ./system/src/stm32f3-stdperiph/stm32f30x_gpio.o
 .debug_frame   0x000001e8      0x584 ./system/src/stm32f3-stdperiph/stm32f30x_rcc.o
 .debug_frame   0x0000076c     0x1044 ./system/src/stm32f3-stdperiph/stm32f30x_tim.o
 .debug_frame   0x000017b0       0x4c ./system/src/newlib/_exit.o
 .debug_frame   0x000017fc       0xc8 ./system/src/newlib/_startup.o
 .debug_frame   0x000018c4       0x80 ./system/src/newlib/_syscalls.o
 .debug_frame   0x00001944       0x50 ./system/src/newlib/assert.o
 .debug_frame   0x00001994       0x48 ./system/src/cortexm/_initialize_hardware.o
 .debug_frame   0x000019dc      0x148 ./system/src/cortexm/exception_handlers.o
 .debug_frame   0x00001b24       0x7c ./system/src/CMSIS/system_stm32f30x.o
 .debug_frame   0x00001ba0       0x28 ./system/src/CMSIS/vectors_stm32f30x.o
 .debug_frame   0x00001bc8      0x2a0 ./src/HD44780_F3.o
 .debug_frame   0x00001e68       0xa4 ./src/KeyPad.o
 .debug_frame   0x00001f0c       0xec ./src/Sens.o
 .debug_frame   0x00001ff8       0xdc ./src/Timer.o
 .debug_frame   0x000020d4       0x58 ./src/main.o
 .debug_frame   0x0000212c       0x40 c:/program files (x86)/gnu tools arm embedded/4.9 2015q1/bin/../lib/gcc/arm-none-eabi/4.9.3/../../../../arm-none-eabi/lib/armv7e-m\libm.a(lib_a-w_log.o)
 .debug_frame   0x0000216c       0x54 c:/program files (x86)/gnu tools arm embedded/4.9 2015q1/bin/../lib/gcc/arm-none-eabi/4.9.3/../../../../arm-none-eabi/lib/armv7e-m\libm.a(lib_a-e_log.o)
 .debug_frame   0x000021c0       0x34 c:/program files (x86)/gnu tools arm embedded/4.9 2015q1/bin/../lib/gcc/arm-none-eabi/4.9.3/../../../../arm-none-eabi/lib/armv7e-m\libm.a(lib_a-s_fpclassify.o)
 .debug_frame   0x000021f4       0x20 c:/program files (x86)/gnu tools arm embedded/4.9 2015q1/bin/../lib/gcc/arm-none-eabi/4.9.3/../../../../arm-none-eabi/lib/armv7e-m\libm.a(lib_a-s_matherr.o)
 .debug_frame   0x00002214       0x20 c:/program files (x86)/gnu tools arm embedded/4.9 2015q1/bin/../lib/gcc/arm-none-eabi/4.9.3/../../../../arm-none-eabi/lib/armv7e-m\libm.a(lib_a-s_nan.o)
 .debug_frame   0x00002234       0x20 c:/program files (x86)/gnu tools arm embedded/4.9 2015q1/bin/../lib/gcc/arm-none-eabi/4.9.3/../../../../arm-none-eabi/lib/armv7e-m\libg.a(lib_a-errno.o)

.debug_str      0x00000000    0x5cc4c
 *(.debug_str)
 .debug_str     0x00000000    0x53507 ./system/src/stm32f3-stdperiph/stm32f30x_gpio.o
                              0x536ab (size before relaxing)
 .debug_str     0x00053507      0xa8e ./system/src/stm32f3-stdperiph/stm32f30x_rcc.o
                              0x53e5f (size before relaxing)
 .debug_str     0x00053f95      0xd51 ./system/src/stm32f3-stdperiph/stm32f30x_tim.o
                              0x54252 (size before relaxing)
 .debug_str     0x00054ce6     0x37ce ./system/src/newlib/_exit.o
                               0x5deb (size before relaxing)
 .debug_str     0x000584b4      0x283 ./system/src/newlib/_startup.o
                               0x414a (size before relaxing)
 .debug_str     0x00058737     0x10ac ./system/src/newlib/_syscalls.o
                               0x6008 (size before relaxing)
 .debug_str     0x000597e3       0xea ./system/src/newlib/assert.o
                               0x68f1 (size before relaxing)
 .debug_str     0x000598cd       0x78 ./system/src/cortexm/_initialize_hardware.o
                              0x533db (size before relaxing)
 .debug_str     0x00059945      0x1ce ./system/src/cortexm/exception_handlers.o
                              0x56ca2 (size before relaxing)
 .debug_str     0x00059b13       0xf0 ./system/src/CMSIS/system_stm32f30x.o
                              0x5351c (size before relaxing)
 .debug_str     0x00059c03       0x57 ./system/src/CMSIS/vectors_stm32f30x.o
                               0x3051 (size before relaxing)
 .debug_str     0x00059c5a     0x2d95 ./src/HD44780_F3.o
                              0x59d20 (size before relaxing)
 .debug_str     0x0005c9ef       0xbd ./src/KeyPad.o
                              0x57514 (size before relaxing)
 .debug_str     0x0005caac       0x79 ./src/Sens.o
                              0x53781 (size before relaxing)
 .debug_str     0x0005cb25       0x51 ./src/Timer.o
                              0x539ab (size before relaxing)
 .debug_str     0x0005cb76       0xd6 ./src/main.o
                              0x593e3 (size before relaxing)

.debug_loc
 *(.debug_loc)

.debug_macinfo
 *(.debug_macinfo)

.debug_weaknames
 *(.debug_weaknames)

.debug_funcnames
 *(.debug_funcnames)

.debug_typenames
 *(.debug_typenames)

.debug_varnames
 *(.debug_varnames)
OUTPUT(Copy of PWM_ST3.elf elf32-littlearm)

.debug_ranges   0x00000000      0x7c8
 .debug_ranges  0x00000000       0x70 ./system/src/stm32f3-stdperiph/stm32f30x_gpio.o
 .debug_ranges  0x00000070      0x140 ./system/src/stm32f3-stdperiph/stm32f30x_rcc.o
 .debug_ranges  0x000001b0      0x398 ./system/src/stm32f3-stdperiph/stm32f30x_tim.o
 .debug_ranges  0x00000548       0x18 ./system/src/newlib/_exit.o
 .debug_ranges  0x00000560       0x30 ./system/src/newlib/_startup.o
 .debug_ranges  0x00000590       0x20 ./system/src/newlib/_syscalls.o
 .debug_ranges  0x000005b0       0x18 ./system/src/newlib/assert.o
 .debug_ranges  0x000005c8       0x18 ./system/src/cortexm/_initialize_hardware.o
 .debug_ranges  0x000005e0       0x70 ./system/src/cortexm/exception_handlers.o
 .debug_ranges  0x00000650       0x20 ./system/src/CMSIS/system_stm32f30x.o
 .debug_ranges  0x00000670       0x10 ./system/src/CMSIS/vectors_stm32f30x.o
 .debug_ranges  0x00000680       0x98 ./src/HD44780_F3.o
 .debug_ranges  0x00000718       0x28 ./src/KeyPad.o
 .debug_ranges  0x00000740       0x38 ./src/Sens.o
 .debug_ranges  0x00000778       0x38 ./src/Timer.o
 .debug_ranges  0x000007b0       0x18 ./src/main.o

.debug_macro    0x00000000    0x1094a
 .debug_macro   0x00000000      0x15c ./system/src/stm32f3-stdperiph/stm32f30x_gpio.o
 .debug_macro   0x0000015c      0x88c ./system/src/stm32f3-stdperiph/stm32f30x_gpio.o
 .debug_macro   0x000009e8       0x6e ./system/src/stm32f3-stdperiph/stm32f30x_gpio.o
 .debug_macro   0x00000a56       0x3b ./system/src/stm32f3-stdperiph/stm32f30x_gpio.o
 .debug_macro   0x00000a91      0x34e ./system/src/stm32f3-stdperiph/stm32f30x_gpio.o
 .debug_macro   0x00000ddf       0x2d ./system/src/stm32f3-stdperiph/stm32f30x_gpio.o
 .debug_macro   0x00000e0c       0x26 ./system/src/stm32f3-stdperiph/stm32f30x_gpio.o
 .debug_macro   0x00000e32      0xd39 ./system/src/stm32f3-stdperiph/stm32f30x_gpio.o
 .debug_macro   0x00001b6b     0x769b ./system/src/stm32f3-stdperiph/stm32f30x_gpio.o
 .debug_macro   0x00009206      0x5a6 ./system/src/stm32f3-stdperiph/stm32f30x_gpio.o
 .debug_macro   0x000097ac      0x3cf ./system/src/stm32f3-stdperiph/stm32f30x_gpio.o
 .debug_macro   0x00009b7b       0x46 ./system/src/stm32f3-stdperiph/stm32f30x_gpio.o
 .debug_macro   0x00009bc1      0x231 ./system/src/stm32f3-stdperiph/stm32f30x_gpio.o
 .debug_macro   0x00009df2      0x196 ./system/src/stm32f3-stdperiph/stm32f30x_gpio.o
 .debug_macro   0x00009f88       0x8e ./system/src/stm32f3-stdperiph/stm32f30x_gpio.o
 .debug_macro   0x0000a016      0x3a9 ./system/src/stm32f3-stdperiph/stm32f30x_gpio.o
 .debug_macro   0x0000a3bf      0x116 ./system/src/stm32f3-stdperiph/stm32f30x_gpio.o
 .debug_macro   0x0000a4d5      0x1e4 ./system/src/stm32f3-stdperiph/stm32f30x_gpio.o
 .debug_macro   0x0000a6b9      0x1df ./system/src/stm32f3-stdperiph/stm32f30x_gpio.o
 .debug_macro   0x0000a898      0x29a ./system/src/stm32f3-stdperiph/stm32f30x_gpio.o
 .debug_macro   0x0000ab32       0x70 ./system/src/stm32f3-stdperiph/stm32f30x_gpio.o
 .debug_macro   0x0000aba2      0x10c ./system/src/stm32f3-stdperiph/stm32f30x_gpio.o
 .debug_macro   0x0000acae       0xb8 ./system/src/stm32f3-stdperiph/stm32f30x_gpio.o
 .debug_macro   0x0000ad66      0x5c6 ./system/src/stm32f3-stdperiph/stm32f30x_gpio.o
 .debug_macro   0x0000b32c      0x551 ./system/src/stm32f3-stdperiph/stm32f30x_gpio.o
 .debug_macro   0x0000b87d      0x3ac ./system/src/stm32f3-stdperiph/stm32f30x_gpio.o
 .debug_macro   0x0000bc29      0x8d8 ./system/src/stm32f3-stdperiph/stm32f30x_gpio.o
 .debug_macro   0x0000c501      0x364 ./system/src/stm32f3-stdperiph/stm32f30x_gpio.o
 .debug_macro   0x0000c865       0x34 ./system/src/stm32f3-stdperiph/stm32f30x_gpio.o
 .debug_macro   0x0000c899       0x89 ./system/src/stm32f3-stdperiph/stm32f30x_gpio.o
 .debug_macro   0x0000c922       0x35 ./system/src/stm32f3-stdperiph/stm32f30x_gpio.o
 .debug_macro   0x0000c957      0x1b0 ./system/src/stm32f3-stdperiph/stm32f30x_gpio.o
 .debug_macro   0x0000cb07      0x1f9 ./system/src/stm32f3-stdperiph/stm32f30x_rcc.o
 .debug_macro   0x0000cd00      0x1b6 ./system/src/stm32f3-stdperiph/stm32f30x_rcc.o
 .debug_macro   0x0000ceb6      0x5c0 ./system/src/stm32f3-stdperiph/stm32f30x_rcc.o
 .debug_macro   0x0000d476      0x186 ./system/src/stm32f3-stdperiph/stm32f30x_tim.o
 .debug_macro   0x0000d5fc      0x8d2 ./system/src/stm32f3-stdperiph/stm32f30x_tim.o
 .debug_macro   0x0000dece      0x128 ./system/src/newlib/_exit.o
 .debug_macro   0x0000dff6       0x9c ./system/src/newlib/_exit.o
 .debug_macro   0x0000e092      0x10e ./system/src/newlib/_exit.o
 .debug_macro   0x0000e1a0       0x86 ./system/src/newlib/_exit.o
 .debug_macro   0x0000e226       0x43 ./system/src/newlib/_exit.o
 .debug_macro   0x0000e269      0x27a ./system/src/newlib/_exit.o
 .debug_macro   0x0000e4e3       0x35 ./system/src/newlib/_exit.o
 .debug_macro   0x0000e518       0xdb ./system/src/newlib/_startup.o
 .debug_macro   0x0000e5f3      0x892 ./system/src/newlib/_startup.o
 .debug_macro   0x0000ee85      0x17c ./system/src/newlib/_syscalls.o
 .debug_macro   0x0000f001       0x1c ./system/src/newlib/_syscalls.o
 .debug_macro   0x0000f01d       0x10 ./system/src/newlib/_syscalls.o
 .debug_macro   0x0000f02d       0x10 ./system/src/newlib/_syscalls.o
 .debug_macro   0x0000f03d       0x10 ./system/src/newlib/_syscalls.o
 .debug_macro   0x0000f04d       0x35 ./system/src/newlib/_syscalls.o
 .debug_macro   0x0000f082      0x121 ./system/src/newlib/_syscalls.o
 .debug_macro   0x0000f1a3       0x22 ./system/src/newlib/_syscalls.o
 .debug_macro   0x0000f1c5       0x2b ./system/src/newlib/_syscalls.o
 .debug_macro   0x0000f1f0      0x118 ./system/src/newlib/_syscalls.o
 .debug_macro   0x0000f308      0x13e ./system/src/newlib/_syscalls.o
 .debug_macro   0x0000f446       0x16 ./system/src/newlib/_syscalls.o
 .debug_macro   0x0000f45c      0x144 ./system/src/newlib/assert.o
 .debug_macro   0x0000f5a0       0x1c ./system/src/newlib/assert.o
 .debug_macro   0x0000f5bc      0x15c ./system/src/cortexm/_initialize_hardware.o
 .debug_macro   0x0000f718      0x281 ./system/src/cortexm/exception_handlers.o
 .debug_macro   0x0000f999       0x22 ./system/src/cortexm/exception_handlers.o
 .debug_macro   0x0000f9bb       0x10 ./system/src/cortexm/exception_handlers.o
 .debug_macro   0x0000f9cb       0xc8 ./system/src/cortexm/exception_handlers.o
 .debug_macro   0x0000fa93       0xbe ./system/src/cortexm/exception_handlers.o
 .debug_macro   0x0000fb51       0x10 ./system/src/cortexm/exception_handlers.o
 .debug_macro   0x0000fb61      0x158 ./system/src/CMSIS/system_stm32f30x.o
 .debug_macro   0x0000fcb9       0x34 ./system/src/CMSIS/vectors_stm32f30x.o
 .debug_macro   0x0000fced      0x302 ./src/HD44780_F3.o
 .debug_macro   0x0000ffef      0x29e ./src/KeyPad.o
 .debug_macro   0x0001028d       0x88 ./src/KeyPad.o
 .debug_macro   0x00010315      0x16a ./src/Sens.o
 .debug_macro   0x0001047f       0x4c ./src/Sens.o
 .debug_macro   0x000104cb      0x175 ./src/Timer.o
 .debug_macro   0x00010640       0x10 ./src/Timer.o
 .debug_macro   0x00010650      0x2fa ./src/main.o
