Archive member included because of file (symbol)

c:/program files (x86)/gnu tools arm embedded/4.9 2015q1/bin/../lib/gcc/arm-none-eabi/4.9.3/../../../../arm-none-eabi/lib/armv7e-m\libm.a(lib_a-w_log.o)
                              ./src/KeyPad.o (log)
c:/program files (x86)/gnu tools arm embedded/4.9 2015q1/bin/../lib/gcc/arm-none-eabi/4.9.3/../../../../arm-none-eabi/lib/armv7e-m\libm.a(lib_a-e_log.o)
                              c:/program files (x86)/gnu tools arm embedded/4.9 2015q1/bin/../lib/gcc/arm-none-eabi/4.9.3/../../../../arm-none-eabi/lib/armv7e-m\libm.a(lib_a-w_log.o) (__ieee754_log)
c:/program files (x86)/gnu tools arm embedded/4.9 2015q1/bin/../lib/gcc/arm-none-eabi/4.9.3/../../../../arm-none-eabi/lib/armv7e-m\libm.a(lib_a-s_fpclassify.o)
                              c:/program files (x86)/gnu tools arm embedded/4.9 2015q1/bin/../lib/gcc/arm-none-eabi/4.9.3/../../../../arm-none-eabi/lib/armv7e-m\libm.a(lib_a-w_log.o) (__fpclassifyd)
c:/program files (x86)/gnu tools arm embedded/4.9 2015q1/bin/../lib/gcc/arm-none-eabi/4.9.3/../../../../arm-none-eabi/lib/armv7e-m\libm.a(lib_a-s_lib_ver.o)
                              c:/program files (x86)/gnu tools arm embedded/4.9 2015q1/bin/../lib/gcc/arm-none-eabi/4.9.3/../../../../arm-none-eabi/lib/armv7e-m\libm.a(lib_a-w_log.o) (__fdlib_version)
c:/program files (x86)/gnu tools arm embedded/4.9 2015q1/bin/../lib/gcc/arm-none-eabi/4.9.3/../../../../arm-none-eabi/lib/armv7e-m\libm.a(lib_a-s_matherr.o)
                              c:/program files (x86)/gnu tools arm embedded/4.9 2015q1/bin/../lib/gcc/arm-none-eabi/4.9.3/../../../../arm-none-eabi/lib/armv7e-m\libm.a(lib_a-w_log.o) (matherr)
c:/program files (x86)/gnu tools arm embedded/4.9 2015q1/bin/../lib/gcc/arm-none-eabi/4.9.3/../../../../arm-none-eabi/lib/armv7e-m\libm.a(lib_a-s_nan.o)
                              c:/program files (x86)/gnu tools arm embedded/4.9 2015q1/bin/../lib/gcc/arm-none-eabi/4.9.3/../../../../arm-none-eabi/lib/armv7e-m\libm.a(lib_a-w_log.o) (nan)
c:/program files (x86)/gnu tools arm embedded/4.9 2015q1/bin/../lib/gcc/arm-none-eabi/4.9.3/armv7e-m\libgcc.a(_arm_addsubdf3.o)
                              c:/program files (x86)/gnu tools arm embedded/4.9 2015q1/bin/../lib/gcc/arm-none-eabi/4.9.3/../../../../arm-none-eabi/lib/armv7e-m\libm.a(lib_a-e_log.o) (__aeabi_dsub)
c:/program files (x86)/gnu tools arm embedded/4.9 2015q1/bin/../lib/gcc/arm-none-eabi/4.9.3/armv7e-m\libgcc.a(_arm_muldivdf3.o)
                              c:/program files (x86)/gnu tools arm embedded/4.9 2015q1/bin/../lib/gcc/arm-none-eabi/4.9.3/../../../../arm-none-eabi/lib/armv7e-m\libm.a(lib_a-e_log.o) (__aeabi_dmul)
c:/program files (x86)/gnu tools arm embedded/4.9 2015q1/bin/../lib/gcc/arm-none-eabi/4.9.3/armv7e-m\libgcc.a(_arm_cmpdf2.o)
                              c:/program files (x86)/gnu tools arm embedded/4.9 2015q1/bin/../lib/gcc/arm-none-eabi/4.9.3/../../../../arm-none-eabi/lib/armv7e-m\libm.a(lib_a-w_log.o) (__aeabi_dcmpeq)
c:/program files (x86)/gnu tools arm embedded/4.9 2015q1/bin/../lib/gcc/arm-none-eabi/4.9.3/armv7e-m\libgcc.a(_arm_fixunsdfsi.o)
                              ./src/KeyPad.o (__aeabi_d2uiz)
c:/program files (x86)/gnu tools arm embedded/4.9 2015q1/bin/../lib/gcc/arm-none-eabi/4.9.3/../../../../arm-none-eabi/lib/armv7e-m\libg.a(lib_a-errno.o)
                              ./system/src/newlib/_sbrk.o (__errno)
c:/program files (x86)/gnu tools arm embedded/4.9 2015q1/bin/../lib/gcc/arm-none-eabi/4.9.3/../../../../arm-none-eabi/lib/armv7e-m\libg.a(lib_a-impure.o)
                              c:/program files (x86)/gnu tools arm embedded/4.9 2015q1/bin/../lib/gcc/arm-none-eabi/4.9.3/../../../../arm-none-eabi/lib/armv7e-m\libg.a(lib_a-errno.o) (_impure_ptr)

Allocating common symbols
Common symbol       size              file

timer_delayCount    0x4               ./src/Timer.o
errno               0x4               ./system/src/newlib/_syscalls.o

Discarded input sections

 .group         0x00000000        0x8 ./system/src/stm32f3-stdperiph/stm32f30x_gpio.o
 .group         0x00000000        0x8 ./system/src/stm32f3-stdperiph/stm32f30x_gpio.o
 .group         0x00000000        0x8 ./system/src/stm32f3-stdperiph/stm32f30x_gpio.o
 .group         0x00000000        0x8 ./system/src/stm32f3-stdperiph/stm32f30x_gpio.o
 .group         0x00000000        0x8 ./system/src/stm32f3-stdperiph/stm32f30x_gpio.o
 .group         0x00000000        0x8 ./system/src/stm32f3-stdperiph/stm32f30x_gpio.o
 .group         0x00000000        0x8 ./system/src/stm32f3-stdperiph/stm32f30x_gpio.o
 .group         0x00000000        0x8 ./system/src/stm32f3-stdperiph/stm32f30x_gpio.o
 .group         0x00000000        0x8 ./system/src/stm32f3-stdperiph/stm32f30x_gpio.o
 .group         0x00000000        0x8 ./system/src/stm32f3-stdperiph/stm32f30x_gpio.o
 .group         0x00000000        0x8 ./system/src/stm32f3-stdperiph/stm32f30x_gpio.o
[...]
Memory Configuration

Name             Origin             Length             Attributes
RAM              0x20000000         0x0000a000         xrw
CCMRAM           0x10000000         0x00002000         xrw
FLASH            0x08000000         0x00040000         xr
FLASHB1          0x00000000         0x00000000         xr
EXTMEMB0         0x00000000         0x00000000         xr
EXTMEMB1         0x00000000         0x00000000         xr
EXTMEMB2         0x00000000         0x00000000         xr
EXTMEMB3         0x00000000         0x00000000         xr
MEMORY_ARRAY     0x20002000         0x00000000         xrw
*default*        0x00000000         0xffffffff

Linker script and memory map

LOAD ./system/src/stm32f3-stdperiph/stm32f30x_gpio.o
LOAD ./system/src/stm32f3-stdperiph/stm32f30x_rcc.o
LOAD ./system/src/stm32f3-stdperiph/stm32f30x_tim.o
LOAD ./system/src/newlib/_cxx.o
LOAD ./system/src/newlib/_exit.o
LOAD ./system/src/newlib/_sbrk.o
LOAD ./system/src/newlib/_startup.o
LOAD ./system/src/newlib/_syscalls.o
LOAD ./system/src/newlib/assert.o
LOAD ./system/src/diag/Trace.o
LOAD ./system/src/diag/trace_impl.o
LOAD ./system/src/cortexm/_initialize_hardware.o
LOAD ./system/src/cortexm/_reset_hardware.o
LOAD ./system/src/cortexm/exception_handlers.o
LOAD ./system/src/CMSIS/system_stm32f30x.o
LOAD ./system/src/CMSIS/vectors_stm32f30x.o
LOAD ./src/Buzzer.o
LOAD ./src/HD44780_F3.o
LOAD ./src/KeyPad.o
LOAD ./src/Sens.o
LOAD ./src/Timer.o
LOAD ./src/_write.o
LOAD ./src/main.o
LOAD c:/program files (x86)/gnu tools arm embedded/4.9 2015q1/bin/../lib/gcc/arm-none-eabi/4.9.3/../../../../arm-none-eabi/lib/armv7e-m\libstdc++.a
LOAD c:/program files (x86)/gnu tools arm embedded/4.9 2015q1/bin/../lib/gcc/arm-none-eabi/4.9.3/../../../../arm-none-eabi/lib/armv7e-m\libm.a
START GROUP
LOAD c:/program files (x86)/gnu tools arm embedded/4.9 2015q1/bin/../lib/gcc/arm-none-eabi/4.9.3/armv7e-m\libgcc.a
LOAD c:/program files (x86)/gnu tools arm embedded/4.9 2015q1/bin/../lib/gcc/arm-none-eabi/4.9.3/../../../../arm-none-eabi/lib/armv7e-m\libg.a
LOAD c:/program files (x86)/gnu tools arm embedded/4.9 2015q1/bin/../lib/gcc/arm-none-eabi/4.9.3/../../../../arm-none-eabi/lib/armv7e-m\libc.a
END GROUP
                0x2000a000                __stack = (ORIGIN (RAM) + 0xa000)
                0x2000a000                _estack = __stack
                0x00000400                __Main_Stack_Size = 0x400
                0x00000400                PROVIDE (_Main_Stack_Size, __Main_Stack_Size)
                0x20009c00                __Main_Stack_Limit = (__stack - __Main_Stack_Size)
                0x20009c00                PROVIDE (_Main_Stack_Limit, __Main_Stack_Limit)
                0x00000100                _Minimum_Stack_Size = 0x100
                0x20000490                PROVIDE (_Heap_Begin, _end_noinit)
                0x20009c00                PROVIDE (_Heap_Limit, (__stack - __Main_Stack_Size))

.isr_vector     0x08000000      0x408
 FILL mask 0xff
                0x08000000                __vectors_start__ = ABSOLUTE (.)
 *(.isr_vector)
 .isr_vector    0x08000000      0x188 ./system/src/CMSIS/vectors_stm32f30x.o
                0x08000000                __isr_vectors
 *(.cfmconfig)
 *(.after_vectors .after_vectors.*)
 .after_vectors
                0x08000188      0x1c4 ./system/src/newlib/_startup.o
                0x08000188                _start
 .after_vectors
                0x0800034c       0xb4 ./system/src/cortexm/exception_handlers.o
                0x0800034c                Reset_Handler
                0x08000354                NMI_Handler
                0x0800035c                HardFault_Handler
                0x08000370                HardFault_Handler_C
                0x08000380                MemManage_Handler
                0x08000388                BusFault_Handler
                0x0800039c                BusFault_Handler_C
                0x080003ac                UsageFault_Handler
                0x080003c0                UsageFault_Handler_C
                0x080003d0                SVC_Handler
                0x080003d8                DebugMon_Handler
                0x080003e0                PendSV_Handler
 .after_vectors
                0x08000400        0x8 ./system/src/CMSIS/vectors_stm32f30x.o
                0x08000400                RTC_Alarm_IRQHandler
                0x08000400                TIM8_TRG_COM_IRQHandler
                0x08000400                TIM8_CC_IRQHandler
                0x08000400                TIM1_CC_IRQHandler
                0x08000400                USB_HP_IRQHandler
                0x08000400                PVD_IRQHandler
                0x08000400                EXTI3_IRQHandler
                0x08000400                EXTI0_IRQHandler
                0x08000400                I2C2_EV_IRQHandler
                0x08000400                FPU_IRQHandler
                0x08000400                EXTI2_TS_IRQHandler
                0x08000400                TIM1_UP_TIM16_IRQHandler
                0x08000400                ADC1_2_IRQHandler
                0x08000400                SPI1_IRQHandler
                0x08000400                TIM6_DAC_IRQHandler
                0x08000400                TIM8_UP_IRQHandler
                0x08000400                DMA2_Channel2_IRQHandler
                0x08000400                DMA1_Channel4_IRQHandler
                0x08000400                USART3_IRQHandler
                0x08000400                DMA1_Channel7_IRQHandler
                0x08000400                CAN1_RX1_IRQHandler
                0x08000400                UART5_IRQHandler
                0x08000400                ADC3_IRQHandler
                0x08000400                TIM4_IRQHandler
                0x08000400                DMA2_Channel1_IRQHandler
                0x08000400                I2C1_EV_IRQHandler
                0x08000400                DMA1_Channel6_IRQHandler
                0x08000400                UART4_IRQHandler
                0x08000400                DMA2_Channel4_IRQHandler
                0x08000400                TIM3_IRQHandler
                0x08000400                RCC_IRQHandler
                0x08000400                DMA1_Channel1_IRQHandler
                0x08000400                Default_Handler
                0x08000400                USBWakeUp_RMP_IRQHandler
                0x08000400                EXTI15_10_IRQHandler
                0x08000400                TIM7_IRQHandler
                0x08000400                EXTI9_5_IRQHandler
                0x08000400                TAMPER_STAMP_IRQHandler
                0x08000400                RTC_WKUP_IRQHandler
                0x08000400                SPI2_IRQHandler
                0x08000400                DMA2_Channel5_IRQHandler
                0x08000400                DMA1_Channel5_IRQHandler
                0x08000400                USB_LP_IRQHandler
                0x08000400                EXTI4_IRQHandler
                0x08000400                USB_LP_CAN1_RX0_IRQHandler
                0x08000400                TIM1_TRG_COM_TIM17_IRQHandler
                0x08000400                USB_HP_CAN1_TX_IRQHandler
                0x08000400                DMA1_Channel3_IRQHandler
                0x08000400                ADC4_IRQHandler
                0x08000400                WWDG_IRQHandler
                0x08000400                TIM2_IRQHandler
                0x08000400                COMP7_IRQHandler
                0x08000400                COMP1_2_3_IRQHandler
                0x08000400                EXTI1_IRQHandler
                0x08000400                USART2_IRQHandler
                0x08000400                COMP4_5_6_IRQHandler
                0x08000400                I2C2_ER_IRQHandler
                0x08000400                DMA1_Channel2_IRQHandler
                0x08000400                TIM8_BRK_IRQHandler
                0x08000400                CAN1_SCE_IRQHandler
                0x08000400                FLASH_IRQHandler
                0x08000400                USART1_IRQHandler
                0x08000400                SPI3_IRQHandler
                0x08000400                I2C1_ER_IRQHandler
                0x08000400                USBWakeUp_IRQHandler
                0x08000400                DMA2_Channel3_IRQHandler
                0x08000400                TIM1_BRK_TIM15_IRQHandler

.inits          0x08000408       0x28
                0x08000408                __data_regions_array_start = .
                0x08000408        0x4 LONG 0x8004130 LOADADDR (.data)
                0x0800040c        0x4 LONG 0x20000000 ADDR (.data)
                0x08000410        0x4 LONG 0x20000480 (ADDR (.data) + SIZEOF (.data))
                0x08000414        0x4 LONG 0x8004130 LOADADDR (.data_CCMRAM)
                0x08000418        0x4 LONG 0x10000000 ADDR (.data_CCMRAM)
                0x0800041c        0x4 LONG 0x10000000 (ADDR (.data_CCMRAM) + SIZEOF (.data_CCMRAM))
                0x08000420                __data_regions_array_end = .
                0x08000420                __bss_regions_array_start = .
                0x08000420        0x4 LONG 0x20000480 ADDR (.bss)
                0x08000424        0x4 LONG 0x20000490 (ADDR (.bss) + SIZEOF (.bss))
                0x08000428        0x4 LONG 0x10000000 ADDR (.bss_CCMRAM)
                0x0800042c        0x4 LONG 0x10000000 (ADDR (.bss_CCMRAM) + SIZEOF (.bss_CCMRAM))
                0x08000430                __bss_regions_array_end = .
 *(.init)
 *(.fini)
                0x08000430                . = ALIGN (0x4)
                0x08000430                PROVIDE (__preinit_array_start, .)
 *(.preinit_array_sysinit .preinit_array_sysinit.*)
 *(.preinit_array_platform .preinit_array_platform.*)
 *(.preinit_array .preinit_array.*)
                0x08000430                PROVIDE (__preinit_array_end, .)
                0x08000430                . = ALIGN (0x4)
                0x08000430                PROVIDE (__init_array_start, .)
 *(SORT(.init_array.*))
 *(.init_array)
                0x08000430                PROVIDE (__init_array_end, .)
                0x08000430                . = ALIGN (0x4)
                0x08000430                PROVIDE (__fini_array_start, .)
 *(SORT(.fini_array.*))
 *(.fini_array)
                0x08000430                PROVIDE (__fini_array_end, .)

.flashtext
 *(.flashtext .flashtext.*)

.text           0x08000430     0x3d00
 *(.text .text.*)
 .text.GPIO_Init
                0x08000430      0x208 ./system/src/stm32f3-stdperiph/stm32f30x_gpio.o
                0x08000430                GPIO_Init
 .text.GPIO_ReadInputData
                0x08000638       0x68 ./system/src/stm32f3-stdperiph/stm32f30x_gpio.o
                0x08000638                GPIO_ReadInputData
 .text.GPIO_SetBits
                0x080006a0       0x7c ./system/src/stm32f3-stdperiph/stm32f30x_gpio.o
                0x080006a0                GPIO_SetBits
 .text.GPIO_ResetBits
                0x0800071c       0x7c ./system/src/stm32f3-stdperiph/stm32f30x_gpio.o
                0x0800071c                GPIO_ResetBits
 .text.GPIO_PinAFConfig
                0x08000798      0x1a4 ./system/src/stm32f3-stdperiph/stm32f30x_gpio.o
                0x08000798                GPIO_PinAFConfig
 .text.RCC_GetClocksFreq
                0x0800093c      0x414 ./system/src/stm32f3-stdperiph/stm32f30x_rcc.o
                0x0800093c                RCC_GetClocksFreq
 .text.RCC_AHBPeriphClockCmd
                0x08000d50       0x70 ./system/src/stm32f3-stdperiph/stm32f30x_rcc.o
                0x08000d50                RCC_AHBPeriphClockCmd
 .text.RCC_APB2PeriphClockCmd
                0x08000dc0       0x70 ./system/src/stm32f3-stdperiph/stm32f30x_rcc.o
                0x08000dc0                RCC_APB2PeriphClockCmd
 .text.TIM_TimeBaseInit
                0x08000e30      0x1a0 ./system/src/stm32f3-stdperiph/stm32f30x_tim.o
                0x08000e30                TIM_TimeBaseInit
 .text.TIM_Cmd  0x08000fd0       0xd4 ./system/src/stm32f3-stdperiph/stm32f30x_tim.o
                0x08000fd0                TIM_Cmd
 .text.TIM_OC1Init
                0x080010a4      0x2a0 ./system/src/stm32f3-stdperiph/stm32f30x_tim.o
                0x080010a4                TIM_OC1Init
 .text.TIM_OC2Init
                0x08001344      0x270 ./system/src/stm32f3-stdperiph/stm32f30x_tim.o
                0x08001344                TIM_OC2Init
 .text.TIM_OC3Init
                0x080015b4      0x260 ./system/src/stm32f3-stdperiph/stm32f30x_tim.o
                0x080015b4                TIM_OC3Init
 .text.TIM_OC4Init
                0x08001814      0x1d4 ./system/src/stm32f3-stdperiph/stm32f30x_tim.o
                0x08001814                TIM_OC4Init
 .text.TIM_SetCompare1
                0x080019e8       0x80 ./system/src/stm32f3-stdperiph/stm32f30x_tim.o
                0x080019e8                TIM_SetCompare1
 .text.TIM_SetCompare2
                0x08001a68       0x68 ./system/src/stm32f3-stdperiph/stm32f30x_tim.o
                0x08001a68                TIM_SetCompare2
 .text.TIM_SetCompare3
                0x08001ad0       0x5c ./system/src/stm32f3-stdperiph/stm32f30x_tim.o
                0x08001ad0                TIM_SetCompare3
 .text.TIM_SetCompare4
                0x08001b2c       0x5c ./system/src/stm32f3-stdperiph/stm32f30x_tim.o
                0x08001b2c                TIM_SetCompare4
 .text.TIM_OC1PreloadConfig
                0x08001b88       0xb4 ./system/src/stm32f3-stdperiph/stm32f30x_tim.o
                0x08001b88                TIM_OC1PreloadConfig
 .text.TIM_OC2PreloadConfig
                0x08001c3c       0x9c ./system/src/stm32f3-stdperiph/stm32f30x_tim.o
                0x08001c3c                TIM_OC2PreloadConfig
 .text.TIM_OC3PreloadConfig
                0x08001cd8       0x90 ./system/src/stm32f3-stdperiph/stm32f30x_tim.o
                0x08001cd8                TIM_OC3PreloadConfig
 .text.TIM_OC4PreloadConfig
                0x08001d68       0x90 ./system/src/stm32f3-stdperiph/stm32f30x_tim.o
                0x08001d68                TIM_OC4PreloadConfig
 .text.TIM_CtrlPWMOutputs
                0x08001df8       0x94 ./system/src/stm32f3-stdperiph/stm32f30x_tim.o
                0x08001df8                TIM_CtrlPWMOutputs
 .text._exit    0x08001e8c        0xc ./system/src/newlib/_exit.o
                0x08001e8c                _exit
 .text.abort    0x08001e98       0x14 ./system/src/newlib/_exit.o
                0x08001e98                abort
 .text.__initialize_args
                0x08001eac       0x28 ./system/src/newlib/_syscalls.o
                0x08001eac                __initialize_args
 .text.assert_failed
                0x08001ed4       0x18 ./system/src/newlib/assert.o
                0x08001ed4                assert_failed
 .text.__initialize_hardware_early
                0x08001eec        0xc ./system/src/cortexm/_initialize_hardware.o
                0x08001eec                __initialize_hardware_early
 .text.__initialize_hardware
                0x08001ef8        0xc ./system/src/cortexm/_initialize_hardware.o
                0x08001ef8                __initialize_hardware
 .text.SystemInit
                0x08001f04       0x80 ./system/src/CMSIS/system_stm32f30x.o
                0x08001f04                SystemInit
 .text.SystemCoreClockUpdate
                0x08001f84       0xd4 ./system/src/CMSIS/system_stm32f30x.o
                0x08001f84                SystemCoreClockUpdate
 .text.SetSysClock
                0x08002058       0xe0 ./system/src/CMSIS/system_stm32f30x.o
 .text.buzzer_init
                0x08002138       0x40 ./src/Buzzer.o
                0x08002138                buzzer_init
 .text.NVIC_SetPriority
                0x08002178       0x54 ./src/HD44780_F3.o
 .text.SysTick_Config
                0x080021cc       0x44 ./src/HD44780_F3.o
 .text.lcd_init
                0x08002210       0x14 ./src/HD44780_F3.o
                0x08002210                lcd_init
 .text.HD44780_Init
                0x08002224       0xf0 ./src/HD44780_F3.o
                0x08002224                HD44780_Init
 .text.pwm_init
                0x08002314      0x128 ./src/HD44780_F3.o
                0x08002314                pwm_init
 .text.hd44780_wr_hi_nibble
                0x0800243c       0xa8 ./src/HD44780_F3.o
                0x0800243c                hd44780_wr_hi_nibble
 .text.hd44780_write
                0x080024e4      0x130 ./src/HD44780_F3.o
                0x080024e4                hd44780_write
 .text.hd44780_wr_cmd
                0x08002614       0x24 ./src/HD44780_F3.o
                0x08002614                hd44780_wr_cmd
 .text.hd44780_wr_data
                0x08002638       0x24 ./src/HD44780_F3.o
                0x08002638                hd44780_wr_data
 .text.HD44780_set_contrast
                0x0800265c       0x3c ./src/HD44780_F3.o
                0x0800265c                HD44780_set_contrast
 .text.HD44780_PutChar
                0x08002698       0x18 ./src/HD44780_F3.o
                0x08002698                HD44780_PutChar
 .text.HD44780_GotoXY
                0x080026b0       0x70 ./src/HD44780_F3.o
                0x080026b0                HD44780_GotoXY
 .text.HD44780_PutStr
                0x08002720       0x3c ./src/HD44780_F3.o
                0x08002720                HD44780_PutStr
 .text.HD44780_ClrScr
                0x0800275c       0x14 ./src/HD44780_F3.o
                0x0800275c                HD44780_ClrScr
 .text.keypad_init
                0x08002770       0xf4 ./src/KeyPad.o
                0x08002770                keypad_init
 *fill*         0x08002864        0x4 
 .text.keypad_read
                0x08002868      0x110 ./src/KeyPad.o
                0x08002868                keypad_read
 .text.get_code
                0x08002978       0x6c ./src/KeyPad.o
                0x08002978                get_code
 .text.keypad_flush
                0x080029e4       0x3c ./src/KeyPad.o
                0x080029e4                keypad_flush
 .text.sense_init
                0x08002a20       0x1c ./src/Sens.o
                0x08002a20                sense_init
 .text.edge_detection_init
                0x08002a3c       0x34 ./src/Sens.o
                0x08002a3c                edge_detection_init
 .text.edge_read
                0x08002a70       0x58 ./src/Sens.o
                0x08002a70                edge_read
 .text.magn_init
                0x08002ac8       0x3c ./src/Sens.o
                0x08002ac8                magn_init
 .text.move_init
                0x08002b04       0x34 ./src/Sens.o
                0x08002b04                move_init
 .text.sense_read
                0x08002b38       0x3c ./src/Sens.o
                0x08002b38                sense_read
 .text.NVIC_SetPriority
                0x08002b74       0x54 ./src/Timer.o
 .text.SysTick_Config
                0x08002bc8       0x44 ./src/Timer.o
 .text.timer_start
                0x08002c0c       0x20 ./src/Timer.o
                0x08002c0c                timer_start
 .text.timer_sleep
                0x08002c2c       0x28 ./src/Timer.o
                0x08002c2c                timer_sleep
 .text.timer_tick
                0x08002c54       0x24 ./src/Timer.o
                0x08002c54                timer_tick
 .text.SysTick_Handler
                0x08002c78        0xc ./src/Timer.o
                0x08002c78                SysTick_Handler
 .text.main     0x08002c84      0x444 ./src/main.o
                0x08002c84                main
 .text.alarm_init
                0x080030c8       0x64 ./src/main.o
                0x080030c8                alarm_init
 .text.log      0x0800312c       0xf8 c:/program files (x86)/gnu tools arm embedded/4.9 2015q1/bin/../lib/gcc/arm-none-eabi/4.9.3/../../../../arm-none-eabi/lib/armv7e-m\libm.a(lib_a-w_log.o)
                0x0800312c                log
 *fill*         0x08003224        0x4 
 .text.__ieee754_log
                0x08003228      0x3d0 c:/program files (x86)/gnu tools arm embedded/4.9 2015q1/bin/../lib/gcc/arm-none-eabi/4.9.3/../../../../arm-none-eabi/lib/armv7e-m\libm.a(lib_a-e_log.o)
                0x08003228                __ieee754_log
 .text.__fpclassifyd
                0x080035f8       0x58 c:/program files (x86)/gnu tools arm embedded/4.9 2015q1/bin/../lib/gcc/arm-none-eabi/4.9.3/../../../../arm-none-eabi/lib/armv7e-m\libm.a(lib_a-s_fpclassify.o)
                0x080035f8                __fpclassifyd
 .text.matherr  0x08003650        0x4 c:/program files (x86)/gnu tools arm embedded/4.9 2015q1/bin/../lib/gcc/arm-none-eabi/4.9.3/../../../../arm-none-eabi/lib/armv7e-m\libm.a(lib_a-s_matherr.o)
                0x08003650                matherr
 .text.nan      0x08003654        0xc c:/program files (x86)/gnu tools arm embedded/4.9 2015q1/bin/../lib/gcc/arm-none-eabi/4.9.3/../../../../arm-none-eabi/lib/armv7e-m\libm.a(lib_a-s_nan.o)
                0x08003654                nan
 .text          0x08003660      0x370 c:/program files (x86)/gnu tools arm embedded/4.9 2015q1/bin/../lib/gcc/arm-none-eabi/4.9.3/armv7e-m\libgcc.a(_arm_addsubdf3.o)
                0x08003660                __aeabi_drsub
                0x08003668                __aeabi_dsub
                0x08003668                __subdf3
                0x0800366c                __aeabi_dadd
                0x0800366c                __adddf3
                0x080038e4                __floatunsidf
                0x080038e4                __aeabi_ui2d
                0x08003904                __floatsidf
                0x08003904                __aeabi_i2d
                0x08003928                __aeabi_f2d
                0x08003928                __extendsfdf2
                0x08003964                __floatundidf
                0x08003964                __aeabi_ul2d
                0x08003974                __floatdidf
                0x08003974                __aeabi_l2d
 .text          0x080039d0      0x424 c:/program files (x86)/gnu tools arm embedded/4.9 2015q1/bin/../lib/gcc/arm-none-eabi/4.9.3/armv7e-m\libgcc.a(_arm_muldivdf3.o)
                0x080039d0                __aeabi_dmul
                0x080039d0                __muldf3
                0x08003c24                __divdf3
                0x08003c24                __aeabi_ddiv
 .text          0x08003df4      0x110 c:/program files (x86)/gnu tools arm embedded/4.9 2015q1/bin/../lib/gcc/arm-none-eabi/4.9.3/armv7e-m\libgcc.a(_arm_cmpdf2.o)
                0x08003df4                __gtdf2
                0x08003df4                __gedf2
                0x08003dfc                __ltdf2
                0x08003dfc                __ledf2
                0x08003e04                __nedf2
                0x08003e04                __eqdf2
                0x08003e04                __cmpdf2
                0x08003e80                __aeabi_cdrcmple
                0x08003e90                __aeabi_cdcmpeq
                0x08003e90                __aeabi_cdcmple
                0x08003ea0                __aeabi_dcmpeq
                0x08003eb4                __aeabi_dcmplt
                0x08003ec8                __aeabi_dcmple
                0x08003edc                __aeabi_dcmpge
                0x08003ef0                __aeabi_dcmpgt
 .text          0x08003f04       0x40 c:/program files (x86)/gnu tools arm embedded/4.9 2015q1/bin/../lib/gcc/arm-none-eabi/4.9.3/armv7e-m\libgcc.a(_arm_fixunsdfsi.o)
                0x08003f04                __aeabi_d2uiz
                0x08003f04                __fixunsdfsi
 .text.__errno  0x08003f44        0xc c:/program files (x86)/gnu tools arm embedded/4.9 2015q1/bin/../lib/gcc/arm-none-eabi/4.9.3/../../../../arm-none-eabi/lib/armv7e-m\libg.a(lib_a-errno.o)
                0x08003f44                __errno
 *(.rodata .rodata.* .constdata .constdata.*)
 .rodata        0x08003f50       0x34 ./system/src/stm32f3-stdperiph/stm32f30x_gpio.o
 .rodata        0x08003f84       0x30 ./system/src/stm32f3-stdperiph/stm32f30x_rcc.o
 .rodata        0x08003fb4       0x30 ./system/src/stm32f3-stdperiph/stm32f30x_tim.o
 .rodata        0x08003fe4       0x14 ./system/src/newlib/_exit.o
 .rodata        0x08003ff8       0x70 ./system/src/newlib/assert.o
 .rodata        0x08004068        0xc ./src/KeyPad.o
 .rodata        0x08004074       0xb0 ./src/main.o
 .rodata.str1.4
                0x08004124        0x5 c:/program files (x86)/gnu tools arm embedded/4.9 2015q1/bin/../lib/gcc/arm-none-eabi/4.9.3/../../../../arm-none-eabi/lib/armv7e-m\libm.a(lib_a-w_log.o)
                                  0x8 (size before relaxing)
 *fill*         0x08004129        0x3 
 .rodata.str1.4
                0x0800412c        0x4 c:/program files (x86)/gnu tools arm embedded/4.9 2015q1/bin/../lib/gcc/arm-none-eabi/4.9.3/../../../../arm-none-eabi/lib/armv7e-m\libg.a(lib_a-impure.o)
 *(vtable)
 *(.eh_frame*)
 *(.glue_7)
 .glue_7        0x00000000        0x0 linker stubs
 *(.glue_7t)
 .glue_7t       0x00000000        0x0 linker stubs

.vfp11_veneer   0x08004130        0x0
 .vfp11_veneer  0x00000000        0x0 linker stubs

.v4_bx          0x08004130        0x0
 .v4_bx         0x00000000        0x0 linker stubs

.iplt           0x08004130        0x0
 .iplt          0x00000000        0x0 ./system/src/stm32f3-stdperiph/stm32f30x_gpio.o

.rel.dyn        0x08004130        0x0
 .rel.iplt      0x00000000        0x0 ./system/src/stm32f3-stdperiph/stm32f30x_gpio.o

.ARM.extab
 *(.ARM.extab* .gnu.linkonce.armextab.*)
                0x08004130                . = ALIGN (0x4)
                0x08004130                __exidx_start = .

.ARM.exidx
 *(.ARM.exidx* .gnu.linkonce.armexidx.*)
                0x08004130                __exidx_end = .
                0x08004130                . = ALIGN (0x4)
                0x08004130                _etext = .
                0x08004130                __etext = .

.data_CCMRAM    0x10000000        0x0 load address 0x08004130
 FILL mask 0xff
 *(.data.CCMRAM .data.CCMRAM.*)
                0x10000000                . = ALIGN (0x4)
                0x08004130                _sidata = LOADADDR (.data)

.data           0x20000000      0x480 load address 0x08004130
 FILL mask 0xff
                0x20000000                _sdata = .
                0x20000000                __data_start__ = .
 *(.data_begin .data_begin.*)
 .data_begin    0x20000000        0x4 ./system/src/newlib/_startup.o
 *(.data .data.*)
 .data.APBAHBPrescTable
                0x20000004       0x10 ./system/src/stm32f3-stdperiph/stm32f30x_rcc.o
 .data.ADCPrescTable
                0x20000014       0x1c ./system/src/stm32f3-stdperiph/stm32f30x_rcc.o
 .data.argv.4062
                0x20000030        0x8 ./system/src/newlib/_syscalls.o
 .data.SystemCoreClock
                0x20000038        0x4 ./system/src/CMSIS/system_stm32f30x.o
                0x20000038                SystemCoreClock
 .data.AHBPrescTable
                0x2000003c       0x10 ./system/src/CMSIS/system_stm32f30x.o
                0x2000003c                AHBPrescTable
 .data.__fdlib_version
                0x2000004c        0x1 c:/program files (x86)/gnu tools arm embedded/4.9 2015q1/bin/../lib/gcc/arm-none-eabi/4.9.3/../../../../arm-none-eabi/lib/armv7e-m\libm.a(lib_a-s_lib_ver.o)
                0x2000004c                __fdlib_version
 *fill*         0x2000004d        0x3 
 .data.impure_data
                0x20000050      0x428 c:/program files (x86)/gnu tools arm embedded/4.9 2015q1/bin/../lib/gcc/arm-none-eabi/4.9.3/../../../../arm-none-eabi/lib/armv7e-m\libg.a(lib_a-impure.o)
 .data._impure_ptr
                0x20000478        0x4 c:/program files (x86)/gnu tools arm embedded/4.9 2015q1/bin/../lib/gcc/arm-none-eabi/4.9.3/../../../../arm-none-eabi/lib/armv7e-m\libg.a(lib_a-impure.o)
                0x20000478                _impure_ptr
 *(.data_end .data_end.*)
 .data_end      0x2000047c        0x4 ./system/src/newlib/_startup.o
                0x20000480                . = ALIGN (0x4)
                0x20000480                _edata = .
                0x20000480                __data_end__ = .

.igot.plt       0x20000480        0x0 load address 0x080045b0
 .igot.plt      0x00000000        0x0 ./system/src/stm32f3-stdperiph/stm32f30x_gpio.o

.bss_CCMRAM     0x10000000        0x0
 *(.bss.CCMRAM .bss.CCMRAM.*)

.bss            0x20000480       0x10
                0x20000480                __bss_start__ = .
                0x20000480                _sbss = .
 *(.bss_begin .bss_begin.*)
 .bss_begin     0x20000480        0x4 ./system/src/newlib/_startup.o
 *(.bss .bss.*)
 .bss.name.4061
                0x20000484        0x4 ./system/src/newlib/_syscalls.o
 *(COMMON)
 COMMON         0x20000488        0x4 ./src/Timer.o
                0x20000488                timer_delayCount
 *(.bss_end .bss_end.*)
 .bss_end       0x2000048c        0x4 ./system/src/newlib/_startup.o
                0x20000490                . = ALIGN (0x4)
                0x20000490                __bss_end__ = .
                0x20000490                _ebss = .

.noinit_CCMRAM
 *(.noinit.CCMRAM .noinit.CCMRAM.*)

.noinit         0x20000490        0x0
                0x20000490                _noinit = .
 *(.noinit .noinit.*)
                0x20000490                . = ALIGN (0x4)
                0x20000490                _end_noinit = .
                0x20000490                PROVIDE (end, _end_noinit)
                0x20000490                PROVIDE (_end, _end_noinit)
                0x20000490                PROVIDE (__end, _end_noinit)
                0x20000490                PROVIDE (__end__, _end_noinit)

._check_stack   0x20000490      0x100
                0x20000590                . = (. + _Minimum_Stack_Size)
 *fill*         0x20000490      0x100 

.b1text
 *(.b1text)
 *(.b1rodata)
 *(.b1rodata.*)

.eb0text
 *(.eb0text)
 *(.eb0rodata)
 *(.eb0rodata.*)

.eb1text
 *(.eb1text)
 *(.eb1rodata)
 *(.eb1rodata.*)

.eb2text
 *(.eb2text)
 *(.eb2rodata)
 *(.eb2rodata.*)

.eb3text
 *(.eb3text)
 *(.eb3rodata)
 *(.eb3rodata.*)

.stab
 *(.stab)

.stabstr
 *(.stabstr)

.stab.excl
 *(.stab.excl)

.stab.exclstr
 *(.stab.exclstr)

.stab.index
 *(.stab.index)

.stab.indexstr
 *(.stab.indexstr)

.comment        0x00000000       0x70
 *(.comment)
 .comment       0x00000000       0x70 ./system/src/stm32f3-stdperiph/stm32f30x_gpio.o
                                 0x71 (size before relaxing)
 .comment       0x00000000       0x71 ./system/src/stm32f3-stdperiph/stm32f30x_rcc.o
 .comment       0x00000000       0x71 ./system/src/stm32f3-stdperiph/stm32f30x_tim.o
 .comment       0x00000000       0x71 ./system/src/newlib/_exit.o
 .comment       0x00000000       0x71 ./system/src/newlib/_startup.o
 .comment       0x00000000       0x71 ./system/src/newlib/_syscalls.o
 .comment       0x00000000       0x71 ./system/src/newlib/assert.o
 .comment       0x00000000       0x71 ./system/src/cortexm/_initialize_hardware.o
 .comment       0x00000000       0x71 ./system/src/cortexm/exception_handlers.o
 .comment       0x00000000       0x71 ./system/src/CMSIS/system_stm32f30x.o
 .comment       0x00000000       0x71 ./system/src/CMSIS/vectors_stm32f30x.o
 .comment       0x00000000       0x71 ./src/Buzzer.o
 .comment       0x00000000       0x71 ./src/HD44780_F3.o
 .comment       0x00000000       0x71 ./src/KeyPad.o
 .comment       0x00000000       0x71 ./src/Sens.o
 .comment       0x00000000       0x71 ./src/Timer.o
 .comment       0x00000000       0x71 ./src/main.o

.ARM.attributes
                0x00000000       0x33
 .ARM.attributes
                0x00000000       0x33 ./system/src/stm32f3-stdperiph/stm32f30x_gpio.o
 .ARM.attributes
                0x00000033       0x33 ./system/src/stm32f3-stdperiph/stm32f30x_rcc.o
 .ARM.attributes
                0x00000066       0x33 ./system/src/stm32f3-stdperiph/stm32f30x_tim.o
 .ARM.attributes
                0x00000099       0x33 ./system/src/newlib/_exit.o
 .ARM.attributes
                0x000000cc       0x33 ./system/src/newlib/_startup.o
 .ARM.attributes
                0x000000ff       0x33 ./system/src/newlib/_syscalls.o
 .ARM.attributes
                0x00000132       0x33 ./system/src/newlib/assert.o
 .ARM.attributes
                0x00000165       0x33 ./system/src/cortexm/_initialize_hardware.o
 .ARM.attributes
                0x00000198       0x33 ./system/src/cortexm/exception_handlers.o
 .ARM.attributes
                0x000001cb       0x33 ./system/src/CMSIS/system_stm32f30x.o
 .ARM.attributes
                0x000001fe       0x33 ./system/src/CMSIS/vectors_stm32f30x.o
 .ARM.attributes
                0x00000231       0x33 ./src/Buzzer.o
 .ARM.attributes
                0x00000264       0x33 ./src/HD44780_F3.o
 .ARM.attributes
                0x00000297       0x33 ./src/KeyPad.o
 .ARM.attributes
                0x000002ca       0x33 ./src/Sens.o
 .ARM.attributes
                0x000002fd       0x33 ./src/Timer.o
 .ARM.attributes
                0x00000330       0x33 ./src/main.o
 .ARM.attributes
                0x00000363       0x2e c:/program files (x86)/gnu tools arm embedded/4.9 2015q1/bin/../lib/gcc/arm-none-eabi/4.9.3/../../../../arm-none-eabi/lib/armv7e-m\libm.a(lib_a-w_log.o)
 .ARM.attributes
                0x00000391       0x2e c:/program files (x86)/gnu tools arm embedded/4.9 2015q1/bin/../lib/gcc/arm-none-eabi/4.9.3/../../../../arm-none-eabi/lib/armv7e-m\libm.a(lib_a-e_log.o)
 .ARM.attributes
                0x000003bf       0x2e c:/program files (x86)/gnu tools arm embedded/4.9 2015q1/bin/../lib/gcc/arm-none-eabi/4.9.3/../../../../arm-none-eabi/lib/armv7e-m\libm.a(lib_a-s_fpclassify.o)
 .ARM.attributes
                0x000003ed       0x2e c:/program files (x86)/gnu tools arm embedded/4.9 2015q1/bin/../lib/gcc/arm-none-eabi/4.9.3/../../../../arm-none-eabi/lib/armv7e-m\libm.a(lib_a-s_lib_ver.o)
 .ARM.attributes
                0x0000041b       0x2e c:/program files (x86)/gnu tools arm embedded/4.9 2015q1/bin/../lib/gcc/arm-none-eabi/4.9.3/../../../../arm-none-eabi/lib/armv7e-m\libm.a(lib_a-s_matherr.o)
 .ARM.attributes
                0x00000449       0x2e c:/program files (x86)/gnu tools arm embedded/4.9 2015q1/bin/../lib/gcc/arm-none-eabi/4.9.3/../../../../arm-none-eabi/lib/armv7e-m\libm.a(lib_a-s_nan.o)
 .ARM.attributes
                0x00000477       0x1e c:/program files (x86)/gnu tools arm embedded/4.9 2015q1/bin/../lib/gcc/arm-none-eabi/4.9.3/armv7e-m\libgcc.a(_arm_addsubdf3.o)
 .ARM.attributes
                0x00000495       0x1e c:/program files (x86)/gnu tools arm embedded/4.9 2015q1/bin/../lib/gcc/arm-none-eabi/4.9.3/armv7e-m\libgcc.a(_arm_muldivdf3.o)
 .ARM.attributes
                0x000004b3       0x1e c:/program files (x86)/gnu tools arm embedded/4.9 2015q1/bin/../lib/gcc/arm-none-eabi/4.9.3/armv7e-m\libgcc.a(_arm_cmpdf2.o)
 .ARM.attributes
                0x000004d1       0x1e c:/program files (x86)/gnu tools arm embedded/4.9 2015q1/bin/../lib/gcc/arm-none-eabi/4.9.3/armv7e-m\libgcc.a(_arm_fixunsdfsi.o)
 .ARM.attributes
                0x000004ef       0x2e c:/program files (x86)/gnu tools arm embedded/4.9 2015q1/bin/../lib/gcc/arm-none-eabi/4.9.3/../../../../arm-none-eabi/lib/armv7e-m\libg.a(lib_a-errno.o)
 .ARM.attributes
                0x0000051d       0x2e c:/program files (x86)/gnu tools arm embedded/4.9 2015q1/bin/../lib/gcc/arm-none-eabi/4.9.3/../../../../arm-none-eabi/lib/armv7e-m\libg.a(lib_a-impure.o)

.debug
 *(.debug)

.line
 *(.line)

.debug_srcinfo
 *(.debug_srcinfo)

.debug_sfnames
 *(.debug_sfnames)

.debug_aranges  0x00000000      0x8d0
 *(.debug_aranges)
 .debug_aranges
                0x00000000       0x80 ./system/src/stm32f3-stdperiph/stm32f30x_gpio.o
 .debug_aranges
                0x00000080      0x150 ./system/src/stm32f3-stdperiph/stm32f30x_rcc.o
 .debug_aranges
                0x000001d0      0x3a8 ./system/src/stm32f3-stdperiph/stm32f30x_tim.o
 .debug_aranges
                0x00000578       0x28 ./system/src/newlib/_exit.o
 .debug_aranges
                0x000005a0       0x40 ./system/src/newlib/_startup.o
 .debug_aranges
                0x000005e0       0x30 ./system/src/newlib/_syscalls.o
 .debug_aranges
                0x00000610       0x28 ./system/src/newlib/assert.o
 .debug_aranges
                0x00000638       0x28 ./system/src/cortexm/_initialize_hardware.o
 .debug_aranges
                0x00000660       0x80 ./system/src/cortexm/exception_handlers.o
 .debug_aranges
                0x000006e0       0x30 ./system/src/CMSIS/system_stm32f30x.o
 .debug_aranges
                0x00000710       0x20 ./system/src/CMSIS/vectors_stm32f30x.o
 .debug_aranges
                0x00000730       0x20 ./src/Buzzer.o
 .debug_aranges
                0x00000750       0x90 ./src/HD44780_F3.o
 .debug_aranges
                0x000007e0       0x38 ./src/KeyPad.o
 .debug_aranges
                0x00000818       0x48 ./src/Sens.o
 .debug_aranges
                0x00000860       0x48 ./src/Timer.o
 .debug_aranges
                0x000008a8       0x28 ./src/main.o

.debug_pubnames
 *(.debug_pubnames)

.debug_info     0x00000000     0x6746
 *(.debug_info .gnu.linkonce.wi.*)
 .debug_info    0x00000000      0x5da ./system/src/stm32f3-stdperiph/stm32f30x_gpio.o
 .debug_info    0x000005da      0xa88 ./system/src/stm32f3-stdperiph/stm32f30x_rcc.o
 .debug_info    0x00001062     0x2160 ./system/src/stm32f3-stdperiph/stm32f30x_tim.o
 .debug_info    0x000031c2       0xdf ./system/src/newlib/_exit.o
 .debug_info    0x000032a1      0x45c ./system/src/newlib/_startup.o
 .debug_info    0x000036fd      0x18b ./system/src/newlib/_syscalls.o
 .debug_info    0x00003888      0x149 ./system/src/newlib/assert.o
 .debug_info    0x000039d1       0xb5 ./system/src/cortexm/_initialize_hardware.o
 .debug_info    0x00003a86      0x288 ./system/src/cortexm/exception_handlers.o
 .debug_info    0x00003d0e      0x474 ./system/src/CMSIS/system_stm32f30x.o
 .debug_info    0x00004182       0xd1 ./system/src/CMSIS/vectors_stm32f30x.o
 .debug_info    0x00004253      0x2f0 ./src/Buzzer.o
 .debug_info    0x00004543      0xd5a ./src/HD44780_F3.o
 .debug_info    0x0000529d      0x47d ./src/KeyPad.o
 .debug_info    0x0000571a      0x406 ./src/Sens.o
 .debug_info    0x00005b20      0x67b ./src/Timer.o
 .debug_info    0x0000619b      0x5ab ./src/main.o

.debug_abbrev   0x00000000     0x15ea
 *(.debug_abbrev)
 .debug_abbrev  0x00000000      0x1a8 ./system/src/stm32f3-stdperiph/stm32f30x_gpio.o
 .debug_abbrev  0x000001a8      0x1e6 ./system/src/stm32f3-stdperiph/stm32f30x_rcc.o
 .debug_abbrev  0x0000038e      0x18c ./system/src/stm32f3-stdperiph/stm32f30x_tim.o
 .debug_abbrev  0x0000051a       0xa0 ./system/src/newlib/_exit.o
 .debug_abbrev  0x000005ba      0x16a ./system/src/newlib/_startup.o
 .debug_abbrev  0x00000724       0xc9 ./system/src/newlib/_syscalls.o
 .debug_abbrev  0x000007ed       0x9a ./system/src/newlib/assert.o
 .debug_abbrev  0x00000887       0x6a ./system/src/cortexm/_initialize_hardware.o
 .debug_abbrev  0x000008f1      0x109 ./system/src/cortexm/exception_handlers.o
 .debug_abbrev  0x000009fa      0x14a ./system/src/CMSIS/system_stm32f30x.o
 .debug_abbrev  0x00000b44       0x9d ./system/src/CMSIS/vectors_stm32f30x.o
 .debug_abbrev  0x00000be1      0x124 ./src/Buzzer.o
 .debug_abbrev  0x00000d05      0x243 ./src/HD44780_F3.o
 .debug_abbrev  0x00000f48      0x179 ./src/KeyPad.o
 .debug_abbrev  0x000010c1      0x1b1 ./src/Sens.o
 .debug_abbrev  0x00001272      0x1ab ./src/Timer.o
 .debug_abbrev  0x0000141d      0x1cd ./src/main.o

.debug_line     0x00000000     0x75aa
 *(.debug_line)
 .debug_line    0x00000000      0x802 ./system/src/stm32f3-stdperiph/stm32f30x_gpio.o
 .debug_line    0x00000802      0xb39 ./system/src/stm32f3-stdperiph/stm32f30x_rcc.o
 .debug_line    0x0000133b     0x262f ./system/src/stm32f3-stdperiph/stm32f30x_tim.o
 .debug_line    0x0000396a      0x2c0 ./system/src/newlib/_exit.o
 .debug_line    0x00003c2a      0x33e ./system/src/newlib/_startup.o
 .debug_line    0x00003f68      0x376 ./system/src/newlib/_syscalls.o
 .debug_line    0x000042de      0x2e6 ./system/src/newlib/assert.o
 .debug_line    0x000045c4      0x375 ./system/src/cortexm/_initialize_hardware.o
 .debug_line    0x00004939      0x603 ./system/src/cortexm/exception_handlers.o
 .debug_line    0x00004f3c      0x3be ./system/src/CMSIS/system_stm32f30x.o
 .debug_line    0x000052fa      0x108 ./system/src/CMSIS/vectors_stm32f30x.o
 .debug_line    0x00005402      0x5c7 ./src/Buzzer.o
 .debug_line    0x000059c9      0x712 ./src/HD44780_F3.o
 .debug_line    0x000060db      0x602 ./src/KeyPad.o
 .debug_line    0x000066dd      0x3cc ./src/Sens.o
 .debug_line    0x00006aa9      0x3f5 ./src/Timer.o
 .debug_line    0x00006e9e      0x70c ./src/main.o

.debug_frame    0x00000000     0x220c
 *(.debug_frame)
 .debug_frame   0x00000000      0x1e8 ./system/src/stm32f3-stdperiph/stm32f30x_gpio.o
 .debug_frame   0x000001e8      0x584 ./system/src/stm32f3-stdperiph/stm32f30x_rcc.o
 .debug_frame   0x0000076c     0x1044 ./system/src/stm32f3-stdperiph/stm32f30x_tim.o
 .debug_frame   0x000017b0       0x4c ./system/src/newlib/_exit.o
 .debug_frame   0x000017fc       0xc8 ./system/src/newlib/_startup.o
 .debug_frame   0x000018c4       0x80 ./system/src/newlib/_syscalls.o
 .debug_frame   0x00001944       0x50 ./system/src/newlib/assert.o
 .debug_frame   0x00001994       0x48 ./system/src/cortexm/_initialize_hardware.o
 .debug_frame   0x000019dc      0x148 ./system/src/cortexm/exception_handlers.o
 .debug_frame   0x00001b24       0x7c ./system/src/CMSIS/system_stm32f30x.o
 .debug_frame   0x00001ba0       0x28 ./system/src/CMSIS/vectors_stm32f30x.o
 .debug_frame   0x00001bc8       0x34 ./src/Buzzer.o
 .debug_frame   0x00001bfc      0x224 ./src/HD44780_F3.o
 .debug_frame   0x00001e20       0xa4 ./src/KeyPad.o
 .debug_frame   0x00001ec4       0xec ./src/Sens.o
 .debug_frame   0x00001fb0       0xdc ./src/Timer.o
 .debug_frame   0x0000208c       0x58 ./src/main.o
 .debug_frame   0x000020e4       0x40 c:/program files (x86)/gnu tools arm embedded/4.9 2015q1/bin/../lib/gcc/arm-none-eabi/4.9.3/../../../../arm-none-eabi/lib/armv7e-m\libm.a(lib_a-w_log.o)
 .debug_frame   0x00002124       0x54 c:/program files (x86)/gnu tools arm embedded/4.9 2015q1/bin/../lib/gcc/arm-none-eabi/4.9.3/../../../../arm-none-eabi/lib/armv7e-m\libm.a(lib_a-e_log.o)
 .debug_frame   0x00002178       0x34 c:/program files (x86)/gnu tools arm embedded/4.9 2015q1/bin/../lib/gcc/arm-none-eabi/4.9.3/../../../../arm-none-eabi/lib/armv7e-m\libm.a(lib_a-s_fpclassify.o)
 .debug_frame   0x000021ac       0x20 c:/program files (x86)/gnu tools arm embedded/4.9 2015q1/bin/../lib/gcc/arm-none-eabi/4.9.3/../../../../arm-none-eabi/lib/armv7e-m\libm.a(lib_a-s_matherr.o)
 .debug_frame   0x000021cc       0x20 c:/program files (x86)/gnu tools arm embedded/4.9 2015q1/bin/../lib/gcc/arm-none-eabi/4.9.3/../../../../arm-none-eabi/lib/armv7e-m\libm.a(lib_a-s_nan.o)
 .debug_frame   0x000021ec       0x20 c:/program files (x86)/gnu tools arm embedded/4.9 2015q1/bin/../lib/gcc/arm-none-eabi/4.9.3/../../../../arm-none-eabi/lib/armv7e-m\libg.a(lib_a-errno.o)

.debug_str      0x00000000    0x5cc0a
 *(.debug_str)
 .debug_str     0x00000000    0x5350f ./system/src/stm32f3-stdperiph/stm32f30x_gpio.o
                              0x536b3 (size before relaxing)
 .debug_str     0x0005350f      0xa8e ./system/src/stm32f3-stdperiph/stm32f30x_rcc.o
                              0x53e67 (size before relaxing)
 .debug_str     0x00053f9d      0xd51 ./system/src/stm32f3-stdperiph/stm32f30x_tim.o
                              0x5425a (size before relaxing)
 .debug_str     0x00054cee     0x37ce ./system/src/newlib/_exit.o
                               0x5df3 (size before relaxing)
 .debug_str     0x000584bc      0x283 ./system/src/newlib/_startup.o
                               0x4152 (size before relaxing)
 .debug_str     0x0005873f     0x10ac ./system/src/newlib/_syscalls.o
                               0x6010 (size before relaxing)
 .debug_str     0x000597eb       0xea ./system/src/newlib/assert.o
                               0x68f9 (size before relaxing)
 .debug_str     0x000598d5       0x78 ./system/src/cortexm/_initialize_hardware.o
                              0x533e3 (size before relaxing)
 .debug_str     0x0005994d      0x1ce ./system/src/cortexm/exception_handlers.o
                              0x56caa (size before relaxing)
 .debug_str     0x00059b1b       0xf0 ./system/src/CMSIS/system_stm32f30x.o
                              0x53524 (size before relaxing)
 .debug_str     0x00059c0b       0x57 ./system/src/CMSIS/vectors_stm32f30x.o
                               0x3059 (size before relaxing)
 .debug_str     0x00059c62     0x2771 ./src/Buzzer.o
                              0x59419 (size before relaxing)
 .debug_str     0x0005c3d3      0x5d4 ./src/HD44780_F3.o
                              0x58976 (size before relaxing)
 .debug_str     0x0005c9a7       0xc4 ./src/KeyPad.o
                              0x57514 (size before relaxing)
 .debug_str     0x0005ca6b       0x82 ./src/Sens.o
                              0x5378a (size before relaxing)
 .debug_str     0x0005caed       0x51 ./src/Timer.o
                              0x539ab (size before relaxing)
 .debug_str     0x0005cb3e       0xcc ./src/main.o
                              0x593db (size before relaxing)

.debug_loc
 *(.debug_loc)

.debug_macinfo
 *(.debug_macinfo)

.debug_weaknames
 *(.debug_weaknames)

.debug_funcnames
 *(.debug_funcnames)

.debug_typenames
 *(.debug_typenames)

.debug_varnames
 *(.debug_varnames)
OUTPUT(Copy_of_PWM_ST3.elf elf32-littlearm)

.debug_ranges   0x00000000      0x7c0
 .debug_ranges  0x00000000       0x70 ./system/src/stm32f3-stdperiph/stm32f30x_gpio.o
 .debug_ranges  0x00000070      0x140 ./system/src/stm32f3-stdperiph/stm32f30x_rcc.o
 .debug_ranges  0x000001b0      0x398 ./system/src/stm32f3-stdperiph/stm32f30x_tim.o
 .debug_ranges  0x00000548       0x18 ./system/src/newlib/_exit.o
 .debug_ranges  0x00000560       0x30 ./system/src/newlib/_startup.o
 .debug_ranges  0x00000590       0x20 ./system/src/newlib/_syscalls.o
 .debug_ranges  0x000005b0       0x18 ./system/src/newlib/assert.o
 .debug_ranges  0x000005c8       0x18 ./system/src/cortexm/_initialize_hardware.o
 .debug_ranges  0x000005e0       0x70 ./system/src/cortexm/exception_handlers.o
 .debug_ranges  0x00000650       0x20 ./system/src/CMSIS/system_stm32f30x.o
 .debug_ranges  0x00000670       0x10 ./system/src/CMSIS/vectors_stm32f30x.o
 .debug_ranges  0x00000680       0x10 ./src/Buzzer.o
 .debug_ranges  0x00000690       0x80 ./src/HD44780_F3.o
 .debug_ranges  0x00000710       0x28 ./src/KeyPad.o
 .debug_ranges  0x00000738       0x38 ./src/Sens.o
 .debug_ranges  0x00000770       0x38 ./src/Timer.o
 .debug_ranges  0x000007a8       0x18 ./src/main.o

.debug_macro    0x00000000    0x11518
 .debug_macro   0x00000000      0x15c ./system/src/stm32f3-stdperiph/stm32f30x_gpio.o
 .debug_macro   0x0000015c      0x88c ./system/src/stm32f3-stdperiph/stm32f30x_gpio.o
 .debug_macro   0x000009e8       0x6e ./system/src/stm32f3-stdperiph/stm32f30x_gpio.o
 .debug_macro   0x00000a56       0x3b ./system/src/stm32f3-stdperiph/stm32f30x_gpio.o
 .debug_macro   0x00000a91      0x34e ./system/src/stm32f3-stdperiph/stm32f30x_gpio.o
 .debug_macro   0x00000ddf       0x2d ./system/src/stm32f3-stdperiph/stm32f30x_gpio.o
 .debug_macro   0x00000e0c       0x26 ./system/src/stm32f3-stdperiph/stm32f30x_gpio.o
 .debug_macro   0x00000e32      0xd39 ./system/src/stm32f3-stdperiph/stm32f30x_gpio.o
 .debug_macro   0x00001b6b     0x769b ./system/src/stm32f3-stdperiph/stm32f30x_gpio.o
 .debug_macro   0x00009206      0x5a6 ./system/src/stm32f3-stdperiph/stm32f30x_gpio.o
 .debug_macro   0x000097ac      0x3cf ./system/src/stm32f3-stdperiph/stm32f30x_gpio.o
 .debug_macro   0x00009b7b       0x46 ./system/src/stm32f3-stdperiph/stm32f30x_gpio.o
 .debug_macro   0x00009bc1      0x231 ./system/src/stm32f3-stdperiph/stm32f30x_gpio.o
 .debug_macro   0x00009df2      0x196 ./system/src/stm32f3-stdperiph/stm32f30x_gpio.o
 .debug_macro   0x00009f88       0x8e ./system/src/stm32f3-stdperiph/stm32f30x_gpio.o
 .debug_macro   0x0000a016      0x3a9 ./system/src/stm32f3-stdperiph/stm32f30x_gpio.o
 .debug_macro   0x0000a3bf      0x116 ./system/src/stm32f3-stdperiph/stm32f30x_gpio.o
 .debug_macro   0x0000a4d5      0x1e4 ./system/src/stm32f3-stdperiph/stm32f30x_gpio.o
 .debug_macro   0x0000a6b9      0x1df ./system/src/stm32f3-stdperiph/stm32f30x_gpio.o
 .debug_macro   0x0000a898      0x29a ./system/src/stm32f3-stdperiph/stm32f30x_gpio.o
 .debug_macro   0x0000ab32       0x70 ./system/src/stm32f3-stdperiph/stm32f30x_gpio.o
 .debug_macro   0x0000aba2      0x10c ./system/src/stm32f3-stdperiph/stm32f30x_gpio.o
 .debug_macro   0x0000acae       0xb8 ./system/src/stm32f3-stdperiph/stm32f30x_gpio.o
 .debug_macro   0x0000ad66      0x5c6 ./system/src/stm32f3-stdperiph/stm32f30x_gpio.o
 .debug_macro   0x0000b32c      0x551 ./system/src/stm32f3-stdperiph/stm32f30x_gpio.o
 .debug_macro   0x0000b87d      0x3ac ./system/src/stm32f3-stdperiph/stm32f30x_gpio.o
 .debug_macro   0x0000bc29      0x8d8 ./system/src/stm32f3-stdperiph/stm32f30x_gpio.o
 .debug_macro   0x0000c501      0x364 ./system/src/stm32f3-stdperiph/stm32f30x_gpio.o
 .debug_macro   0x0000c865       0x34 ./system/src/stm32f3-stdperiph/stm32f30x_gpio.o
 .debug_macro   0x0000c899       0x89 ./system/src/stm32f3-stdperiph/stm32f30x_gpio.o
 .debug_macro   0x0000c922       0x35 ./system/src/stm32f3-stdperiph/stm32f30x_gpio.o
 .debug_macro   0x0000c957      0x1b0 ./system/src/stm32f3-stdperiph/stm32f30x_gpio.o
 .debug_macro   0x0000cb07      0x1f9 ./system/src/stm32f3-stdperiph/stm32f30x_rcc.o
 .debug_macro   0x0000cd00      0x1b6 ./system/src/stm32f3-stdperiph/stm32f30x_rcc.o
 .debug_macro   0x0000ceb6      0x5c0 ./system/src/stm32f3-stdperiph/stm32f30x_rcc.o
 .debug_macro   0x0000d476      0x186 ./system/src/stm32f3-stdperiph/stm32f30x_tim.o
 .debug_macro   0x0000d5fc      0x8d2 ./system/src/stm32f3-stdperiph/stm32f30x_tim.o
 .debug_macro   0x0000dece      0x128 ./system/src/newlib/_exit.o
 .debug_macro   0x0000dff6       0x9c ./system/src/newlib/_exit.o
 .debug_macro   0x0000e092      0x10e ./system/src/newlib/_exit.o
 .debug_macro   0x0000e1a0       0x86 ./system/src/newlib/_exit.o
 .debug_macro   0x0000e226       0x43 ./system/src/newlib/_exit.o
 .debug_macro   0x0000e269      0x27a ./system/src/newlib/_exit.o
 .debug_macro   0x0000e4e3       0x35 ./system/src/newlib/_exit.o
 .debug_macro   0x0000e518       0xdb ./system/src/newlib/_startup.o
 .debug_macro   0x0000e5f3      0x892 ./system/src/newlib/_startup.o
 .debug_macro   0x0000ee85      0x17c ./system/src/newlib/_syscalls.o
 .debug_macro   0x0000f001       0x1c ./system/src/newlib/_syscalls.o
 .debug_macro   0x0000f01d       0x10 ./system/src/newlib/_syscalls.o
 .debug_macro   0x0000f02d       0x10 ./system/src/newlib/_syscalls.o
 .debug_macro   0x0000f03d       0x10 ./system/src/newlib/_syscalls.o
 .debug_macro   0x0000f04d       0x35 ./system/src/newlib/_syscalls.o
 .debug_macro   0x0000f082      0x121 ./system/src/newlib/_syscalls.o
 .debug_macro   0x0000f1a3       0x22 ./system/src/newlib/_syscalls.o
 .debug_macro   0x0000f1c5       0x2b ./system/src/newlib/_syscalls.o
 .debug_macro   0x0000f1f0      0x118 ./system/src/newlib/_syscalls.o
 .debug_macro   0x0000f308      0x13e ./system/src/newlib/_syscalls.o
 .debug_macro   0x0000f446       0x16 ./system/src/newlib/_syscalls.o
 .debug_macro   0x0000f45c      0x144 ./system/src/newlib/assert.o
 .debug_macro   0x0000f5a0       0x1c ./system/src/newlib/assert.o
 .debug_macro   0x0000f5bc      0x15c ./system/src/cortexm/_initialize_hardware.o
 .debug_macro   0x0000f718      0x281 ./system/src/cortexm/exception_handlers.o
 .debug_macro   0x0000f999       0x22 ./system/src/cortexm/exception_handlers.o
 .debug_macro   0x0000f9bb       0x10 ./system/src/cortexm/exception_handlers.o
 .debug_macro   0x0000f9cb       0xc8 ./system/src/cortexm/exception_handlers.o
 .debug_macro   0x0000fa93       0xbe ./system/src/cortexm/exception_handlers.o
 .debug_macro   0x0000fb51       0x10 ./system/src/cortexm/exception_handlers.o
 .debug_macro   0x0000fb61      0x158 ./system/src/CMSIS/system_stm32f30x.o
 .debug_macro   0x0000fcb9       0x34 ./system/src/CMSIS/vectors_stm32f30x.o
 .debug_macro   0x0000fced      0x302 ./src/Buzzer.o
 .debug_macro   0x0000ffef       0x22 ./src/Buzzer.o
 .debug_macro   0x00010011       0x52 ./src/Buzzer.o
 .debug_macro   0x00010063       0x28 ./src/Buzzer.o
 .debug_macro   0x0001008b       0x16 ./src/Buzzer.o
 .debug_macro   0x000100a1       0x97 ./src/Buzzer.o
 .debug_macro   0x00010138       0xf6 ./src/Buzzer.o
 .debug_macro   0x0001022e       0x10 ./src/Buzzer.o
 .debug_macro   0x0001023e       0x16 ./src/Buzzer.o
 .debug_macro   0x00010254      0x196 ./src/Buzzer.o
 .debug_macro   0x000103ea       0x8e ./src/Buzzer.o
 .debug_macro   0x00010478       0x16 ./src/Buzzer.o
 .debug_macro   0x0001048e      0x1e1 ./src/Buzzer.o
 .debug_macro   0x0001066f      0x265 ./src/Buzzer.o
 .debug_macro   0x000108d4       0x46 ./src/Buzzer.o
 .debug_macro   0x0001091a      0x2a3 ./src/HD44780_F3.o
 .debug_macro   0x00010bbd      0x29e ./src/KeyPad.o
 .debug_macro   0x00010e5b       0x88 ./src/KeyPad.o
 .debug_macro   0x00010ee3      0x16a ./src/Sens.o
 .debug_macro   0x0001104d       0x4c ./src/Sens.o
 .debug_macro   0x00011099      0x175 ./src/Timer.o
 .debug_macro   0x0001120e       0x10 ./src/Timer.o
 .debug_macro   0x0001121e      0x2fa ./src/main.o
