Archive member included because of file (symbol)

c:/program files (x86)/gnu tools arm embedded/4.9 2015q1/bin/../lib/gcc/arm-none-eabi/4.9.3/../../../../arm-none-eabi/lib/armv7e-m\libm.a(lib_a-w_log.o)
                              ./src/KeyPad.o (log)
c:/program files (x86)/gnu tools arm embedded/4.9 2015q1/bin/../lib/gcc/arm-none-eabi/4.9.3/../../../../arm-none-eabi/lib/armv7e-m\libm.a(lib_a-e_log.o)
                              c:/program files (x86)/gnu tools arm embedded/4.9 2015q1/bin/../lib/gcc/arm-none-eabi/4.9.3/../../../../arm-none-eabi/lib/armv7e-m\libm.a(lib_a-w_log.o) (__ieee754_log)
c:/program files (x86)/gnu tools arm embedded/4.9 2015q1/bin/../lib/gcc/arm-none-eabi/4.9.3/../../../../arm-none-eabi/lib/armv7e-m\libm.a(lib_a-s_fpclassify.o)
                              c:/program files (x86)/gnu tools arm embedded/4.9 2015q1/bin/../lib/gcc/arm-none-eabi/4.9.3/../../../../arm-none-eabi/lib/armv7e-m\libm.a(lib_a-w_log.o) (__fpclassifyd)
c:/program files (x86)/gnu tools arm embedded/4.9 2015q1/bin/../lib/gcc/arm-none-eabi/4.9.3/../../../../arm-none-eabi/lib/armv7e-m\libm.a(lib_a-s_lib_ver.o)
                              c:/program files (x86)/gnu tools arm embedded/4.9 2015q1/bin/../lib/gcc/arm-none-eabi/4.9.3/../../../../arm-none-eabi/lib/armv7e-m\libm.a(lib_a-w_log.o) (__fdlib_version)
c:/program files (x86)/gnu tools arm embedded/4.9 2015q1/bin/../lib/gcc/arm-none-eabi/4.9.3/../../../../arm-none-eabi/lib/armv7e-m\libm.a(lib_a-s_matherr.o)
                              c:/program files (x86)/gnu tools arm embedded/4.9 2015q1/bin/../lib/gcc/arm-none-eabi/4.9.3/../../../../arm-none-eabi/lib/armv7e-m\libm.a(lib_a-w_log.o) (matherr)
c:/program files (x86)/gnu tools arm embedded/4.9 2015q1/bin/../lib/gcc/arm-none-eabi/4.9.3/../../../../arm-none-eabi/lib/armv7e-m\libm.a(lib_a-s_nan.o)
                              c:/program files (x86)/gnu tools arm embedded/4.9 2015q1/bin/../lib/gcc/arm-none-eabi/4.9.3/../../../../arm-none-eabi/lib/armv7e-m\libm.a(lib_a-w_log.o) (nan)
c:/program files (x86)/gnu tools arm embedded/4.9 2015q1/bin/../lib/gcc/arm-none-eabi/4.9.3/armv7e-m\libgcc.a(_arm_addsubdf3.o)
                              c:/program files (x86)/gnu tools arm embedded/4.9 2015q1/bin/../lib/gcc/arm-none-eabi/4.9.3/../../../../arm-none-eabi/lib/armv7e-m\libm.a(lib_a-e_log.o) (__aeabi_dsub)
c:/program files (x86)/gnu tools arm embedded/4.9 2015q1/bin/../lib/gcc/arm-none-eabi/4.9.3/armv7e-m\libgcc.a(_arm_muldivdf3.o)
                              c:/program files (x86)/gnu tools arm embedded/4.9 2015q1/bin/../lib/gcc/arm-none-eabi/4.9.3/../../../../arm-none-eabi/lib/armv7e-m\libm.a(lib_a-e_log.o) (__aeabi_dmul)
c:/program files (x86)/gnu tools arm embedded/4.9 2015q1/bin/../lib/gcc/arm-none-eabi/4.9.3/armv7e-m\libgcc.a(_arm_cmpdf2.o)
                              c:/program files (x86)/gnu tools arm embedded/4.9 2015q1/bin/../lib/gcc/arm-none-eabi/4.9.3/../../../../arm-none-eabi/lib/armv7e-m\libm.a(lib_a-w_log.o) (__aeabi_dcmpeq)
c:/program files (x86)/gnu tools arm embedded/4.9 2015q1/bin/../lib/gcc/arm-none-eabi/4.9.3/armv7e-m\libgcc.a(_arm_fixunsdfsi.o)
                              ./src/KeyPad.o (__aeabi_d2uiz)
c:/program files (x86)/gnu tools arm embedded/4.9 2015q1/bin/../lib/gcc/arm-none-eabi/4.9.3/../../../../arm-none-eabi/lib/armv7e-m\libg.a(lib_a-errno.o)
                              ./system/src/newlib/_sbrk.o (__errno)
c:/program files (x86)/gnu tools arm embedded/4.9 2015q1/bin/../lib/gcc/arm-none-eabi/4.9.3/../../../../arm-none-eabi/lib/armv7e-m\libg.a(lib_a-impure.o)
                              c:/program files (x86)/gnu tools arm embedded/4.9 2015q1/bin/../lib/gcc/arm-none-eabi/4.9.3/../../../../arm-none-eabi/lib/armv7e-m\libg.a(lib_a-errno.o) (_impure_ptr)

Allocating common symbols
Common symbol       size              file

timer_delayCount    0x4               ./src/Timer.o
errno               0x4               ./system/src/newlib/_syscalls.o

Discarded input sections

 .group         0x00000000        0x8 ./system/src/stm32f3-stdperiph/stm32f30x_gpio.o
 .group         0x00000000        0x8 ./system/src/stm32f3-stdperiph/stm32f30x_gpio.o
 .group         0x00000000        0x8 ./system/src/stm32f3-stdperiph/stm32f30x_gpio.o
 .group         0x00000000        0x8 ./system/src/stm32f3-stdperiph/stm32f30x_gpio.o
 .group         0x00000000        0x8 ./system/src/stm32f3-stdperiph/stm32f30x_gpio.o
 .group         0x00000000        0x8 ./system/src/stm32f3-stdperiph/stm32f30x_gpio.o
 .group         0x00000000        0x8 ./system/src/stm32f3-stdperiph/stm32f30x_gpio.o
 .group         0x00000000        0x8 ./system/src/stm32f3-stdperiph/stm32f30x_gpio.o
 .group         0x00000000        0x8 ./system/src/stm32f3-stdperiph/stm32f30x_gpio.o
 .group         0x00000000        0x8 ./system/src/stm32f3-stdperiph/stm32f30x_gpio.o
 .group         0x00000000        0x8 ./system/src/stm32f3-stdperiph/stm32f30x_gpio.o
[...]
Memory Configuration

Name             Origin             Length             Attributes
RAM              0x20000000         0x0000a000         xrw
CCMRAM           0x10000000         0x00002000         xrw
FLASH            0x08000000         0x00040000         xr
FLASHB1          0x00000000         0x00000000         xr
EXTMEMB0         0x00000000         0x00000000         xr
EXTMEMB1         0x00000000         0x00000000         xr
EXTMEMB2         0x00000000         0x00000000         xr
EXTMEMB3         0x00000000         0x00000000         xr
MEMORY_ARRAY     0x20002000         0x00000000         xrw
*default*        0x00000000         0xffffffff

Linker script and memory map

LOAD ./system/src/stm32f3-stdperiph/stm32f30x_gpio.o
LOAD ./system/src/stm32f3-stdperiph/stm32f30x_rcc.o
LOAD ./system/src/stm32f3-stdperiph/stm32f30x_tim.o
LOAD ./system/src/newlib/_cxx.o
LOAD ./system/src/newlib/_exit.o
LOAD ./system/src/newlib/_sbrk.o
LOAD ./system/src/newlib/_startup.o
LOAD ./system/src/newlib/_syscalls.o
LOAD ./system/src/newlib/assert.o
LOAD ./system/src/diag/Trace.o
LOAD ./system/src/diag/trace_impl.o
LOAD ./system/src/cortexm/_initialize_hardware.o
LOAD ./system/src/cortexm/_reset_hardware.o
LOAD ./system/src/cortexm/exception_handlers.o
LOAD ./system/src/CMSIS/system_stm32f30x.o
LOAD ./system/src/CMSIS/vectors_stm32f30x.o
LOAD ./src/Button.o
LOAD ./src/Buzzer.o
LOAD ./src/HD44780_F3.o
LOAD ./src/KeyPad.o
LOAD ./src/Sens.o
LOAD ./src/Timer.o
LOAD ./src/_write.o
LOAD ./src/main.o
LOAD c:/program files (x86)/gnu tools arm embedded/4.9 2015q1/bin/../lib/gcc/arm-none-eabi/4.9.3/../../../../arm-none-eabi/lib/armv7e-m\libstdc++.a
LOAD c:/program files (x86)/gnu tools arm embedded/4.9 2015q1/bin/../lib/gcc/arm-none-eabi/4.9.3/../../../../arm-none-eabi/lib/armv7e-m\libm.a
START GROUP
LOAD c:/program files (x86)/gnu tools arm embedded/4.9 2015q1/bin/../lib/gcc/arm-none-eabi/4.9.3/armv7e-m\libgcc.a
LOAD c:/program files (x86)/gnu tools arm embedded/4.9 2015q1/bin/../lib/gcc/arm-none-eabi/4.9.3/../../../../arm-none-eabi/lib/armv7e-m\libg.a
LOAD c:/program files (x86)/gnu tools arm embedded/4.9 2015q1/bin/../lib/gcc/arm-none-eabi/4.9.3/../../../../arm-none-eabi/lib/armv7e-m\libc.a
END GROUP
                0x2000a000                __stack = (ORIGIN (RAM) + 0xa000)
                0x2000a000                _estack = __stack
                0x00000400                __Main_Stack_Size = 0x400
                0x00000400                PROVIDE (_Main_Stack_Size, __Main_Stack_Size)
                0x20009c00                __Main_Stack_Limit = (__stack - __Main_Stack_Size)
                0x20009c00                PROVIDE (_Main_Stack_Limit, __Main_Stack_Limit)
                0x00000100                _Minimum_Stack_Size = 0x100
                0x20000060                PROVIDE (_Heap_Begin, _end_noinit)
                0x20009c00                PROVIDE (_Heap_Limit, (__stack - __Main_Stack_Size))

.isr_vector     0x08000000      0x49c
 FILL mask 0xff
                0x08000000                __vectors_start__ = ABSOLUTE (.)
 *(.isr_vector)
 .isr_vector    0x08000000      0x188 ./system/src/CMSIS/vectors_stm32f30x.o
                0x08000000                __isr_vectors
 *(.cfmconfig)
 *(.after_vectors .after_vectors.*)
 .after_vectors
                0x08000188      0x258 ./system/src/newlib/_startup.o
                0x08000188                _start
 .after_vectors
                0x080003e0       0xb4 ./system/src/cortexm/exception_handlers.o
                0x080003e0                Reset_Handler
                0x080003e8                NMI_Handler
                0x080003f0                HardFault_Handler
                0x08000404                HardFault_Handler_C
                0x08000414                MemManage_Handler
                0x0800041c                BusFault_Handler
                0x08000430                BusFault_Handler_C
                0x08000440                UsageFault_Handler
                0x08000454                UsageFault_Handler_C
                0x08000464                SVC_Handler
                0x0800046c                DebugMon_Handler
                0x08000474                PendSV_Handler
 .after_vectors
                0x08000494        0x8 ./system/src/CMSIS/vectors_stm32f30x.o
                0x08000494                RTC_Alarm_IRQHandler
                0x08000494                TIM8_TRG_COM_IRQHandler
                0x08000494                TIM8_CC_IRQHandler
                0x08000494                TIM1_CC_IRQHandler
                0x08000494                USB_HP_IRQHandler
                0x08000494                PVD_IRQHandler
                0x08000494                EXTI3_IRQHandler
                0x08000494                EXTI0_IRQHandler
                0x08000494                I2C2_EV_IRQHandler
                0x08000494                FPU_IRQHandler
                0x08000494                EXTI2_TS_IRQHandler
                0x08000494                TIM1_UP_TIM16_IRQHandler
                0x08000494                ADC1_2_IRQHandler
                0x08000494                SPI1_IRQHandler
                0x08000494                TIM6_DAC_IRQHandler
                0x08000494                TIM8_UP_IRQHandler
                0x08000494                DMA2_Channel2_IRQHandler
                0x08000494                DMA1_Channel4_IRQHandler
                0x08000494                USART3_IRQHandler
                0x08000494                DMA1_Channel7_IRQHandler
                0x08000494                CAN1_RX1_IRQHandler
                0x08000494                UART5_IRQHandler
                0x08000494                ADC3_IRQHandler
                0x08000494                TIM4_IRQHandler
                0x08000494                DMA2_Channel1_IRQHandler
                0x08000494                I2C1_EV_IRQHandler
                0x08000494                DMA1_Channel6_IRQHandler
                0x08000494                UART4_IRQHandler
                0x08000494                DMA2_Channel4_IRQHandler
                0x08000494                TIM3_IRQHandler
                0x08000494                RCC_IRQHandler
                0x08000494                DMA1_Channel1_IRQHandler
                0x08000494                Default_Handler
                0x08000494                USBWakeUp_RMP_IRQHandler
                0x08000494                EXTI15_10_IRQHandler
                0x08000494                TIM7_IRQHandler
                0x08000494                EXTI9_5_IRQHandler
                0x08000494                TAMPER_STAMP_IRQHandler
                0x08000494                RTC_WKUP_IRQHandler
                0x08000494                SPI2_IRQHandler
                0x08000494                DMA2_Channel5_IRQHandler
                0x08000494                DMA1_Channel5_IRQHandler
                0x08000494                USB_LP_IRQHandler
                0x08000494                EXTI4_IRQHandler
                0x08000494                USB_LP_CAN1_RX0_IRQHandler
                0x08000494                TIM1_TRG_COM_TIM17_IRQHandler
                0x08000494                USB_HP_CAN1_TX_IRQHandler
                0x08000494                DMA1_Channel3_IRQHandler
                0x08000494                ADC4_IRQHandler
                0x08000494                WWDG_IRQHandler
                0x08000494                TIM2_IRQHandler
                0x08000494                COMP7_IRQHandler
                0x08000494                COMP1_2_3_IRQHandler
                0x08000494                EXTI1_IRQHandler
                0x08000494                USART2_IRQHandler
                0x08000494                COMP4_5_6_IRQHandler
                0x08000494                I2C2_ER_IRQHandler
                0x08000494                DMA1_Channel2_IRQHandler
                0x08000494                TIM8_BRK_IRQHandler
                0x08000494                CAN1_SCE_IRQHandler
                0x08000494                FLASH_IRQHandler
                0x08000494                USART1_IRQHandler
                0x08000494                SPI3_IRQHandler
                0x08000494                I2C1_ER_IRQHandler
                0x08000494                USBWakeUp_IRQHandler
                0x08000494                DMA2_Channel3_IRQHandler
                0x08000494                TIM1_BRK_TIM15_IRQHandler

.inits          0x0800049c       0x28
                0x0800049c                __data_regions_array_start = .
                0x0800049c        0x4 LONG 0x8003380 LOADADDR (.data)
                0x080004a0        0x4 LONG 0x20000000 ADDR (.data)
                0x080004a4        0x4 LONG 0x20000050 (ADDR (.data) + SIZEOF (.data))
                0x080004a8        0x4 LONG 0x8003380 LOADADDR (.data_CCMRAM)
                0x080004ac        0x4 LONG 0x10000000 ADDR (.data_CCMRAM)
                0x080004b0        0x4 LONG 0x10000000 (ADDR (.data_CCMRAM) + SIZEOF (.data_CCMRAM))
                0x080004b4                __data_regions_array_end = .
                0x080004b4                __bss_regions_array_start = .
                0x080004b4        0x4 LONG 0x20000050 ADDR (.bss)
                0x080004b8        0x4 LONG 0x20000060 (ADDR (.bss) + SIZEOF (.bss))
                0x080004bc        0x4 LONG 0x10000000 ADDR (.bss_CCMRAM)
                0x080004c0        0x4 LONG 0x10000000 (ADDR (.bss_CCMRAM) + SIZEOF (.bss_CCMRAM))
                0x080004c4                __bss_regions_array_end = .
 *(.init)
 *(.fini)
                0x080004c4                . = ALIGN (0x4)
                0x080004c4                PROVIDE (__preinit_array_start, .)
 *(.preinit_array_sysinit .preinit_array_sysinit.*)
 *(.preinit_array_platform .preinit_array_platform.*)
 *(.preinit_array .preinit_array.*)
                0x080004c4                PROVIDE (__preinit_array_end, .)
                0x080004c4                . = ALIGN (0x4)
                0x080004c4                PROVIDE (__init_array_start, .)
 *(SORT(.init_array.*))
 *(.init_array)
                0x080004c4                PROVIDE (__init_array_end, .)
                0x080004c4                . = ALIGN (0x4)
                0x080004c4                PROVIDE (__fini_array_start, .)
 *(SORT(.fini_array.*))
 *(.fini_array)
                0x080004c4                PROVIDE (__fini_array_end, .)

.flashtext
 *(.flashtext .flashtext.*)

.text           0x080004c4     0x2ebc
 *(.text .text.*)
 .text.GPIO_Init
                0x080004c4      0x268 ./system/src/stm32f3-stdperiph/stm32f30x_gpio.o
                0x080004c4                GPIO_Init
 .text.GPIO_ReadOutputData
                0x0800072c       0x78 ./system/src/stm32f3-stdperiph/stm32f30x_gpio.o
                0x0800072c                GPIO_ReadOutputData
 .text.GPIO_SetBits
                0x080007a4       0x90 ./system/src/stm32f3-stdperiph/stm32f30x_gpio.o
                0x080007a4                GPIO_SetBits
 .text.GPIO_ResetBits
                0x08000834       0x90 ./system/src/stm32f3-stdperiph/stm32f30x_gpio.o
                0x08000834                GPIO_ResetBits
 .text.GPIO_PinAFConfig
                0x080008c4      0x1d8 ./system/src/stm32f3-stdperiph/stm32f30x_gpio.o
                0x080008c4                GPIO_PinAFConfig
 .text.RCC_GetClocksFreq
                0x08000a9c      0x550 ./system/src/stm32f3-stdperiph/stm32f30x_rcc.o
                0x08000a9c                RCC_GetClocksFreq
 .text.RCC_AHBPeriphClockCmd
                0x08000fec       0x94 ./system/src/stm32f3-stdperiph/stm32f30x_rcc.o
                0x08000fec                RCC_AHBPeriphClockCmd
 .text.RCC_APB2PeriphClockCmd
                0x08001080       0x90 ./system/src/stm32f3-stdperiph/stm32f30x_rcc.o
                0x08001080                RCC_APB2PeriphClockCmd
 .text.TIM_TimeBaseInit
                0x08001110      0x208 ./system/src/stm32f3-stdperiph/stm32f30x_tim.o
                0x08001110                TIM_TimeBaseInit
 .text.TIM_Cmd  0x08001318       0xf0 ./system/src/stm32f3-stdperiph/stm32f30x_tim.o
                0x08001318                TIM_Cmd
 .text.TIM_OC1Init
                0x08001408      0x2fc ./system/src/stm32f3-stdperiph/stm32f30x_tim.o
                0x08001408                TIM_OC1Init
 .text.TIM_OC2Init
                0x08001704      0x2d4 ./system/src/stm32f3-stdperiph/stm32f30x_tim.o
                0x08001704                TIM_OC2Init
 .text.TIM_OC3Init
                0x080019d8      0x2bc ./system/src/stm32f3-stdperiph/stm32f30x_tim.o
                0x080019d8                TIM_OC3Init
 .text.TIM_OC4Init
                0x08001c94      0x21c ./system/src/stm32f3-stdperiph/stm32f30x_tim.o
                0x08001c94                TIM_OC4Init
 .text.TIM_SetCompare1
                0x08001eb0       0x94 ./system/src/stm32f3-stdperiph/stm32f30x_tim.o
                0x08001eb0                TIM_SetCompare1
 .text.TIM_SetCompare2
                0x08001f44       0x78 ./system/src/stm32f3-stdperiph/stm32f30x_tim.o
                0x08001f44                TIM_SetCompare2
 .text.TIM_SetCompare3
                0x08001fbc       0x68 ./system/src/stm32f3-stdperiph/stm32f30x_tim.o
                0x08001fbc                TIM_SetCompare3
 .text.TIM_SetCompare4
                0x08002024       0x68 ./system/src/stm32f3-stdperiph/stm32f30x_tim.o
                0x08002024                TIM_SetCompare4
 .text.TIM_OC1PreloadConfig
                0x0800208c       0xcc ./system/src/stm32f3-stdperiph/stm32f30x_tim.o
                0x0800208c                TIM_OC1PreloadConfig
 .text.TIM_OC2PreloadConfig
                0x08002158       0xb4 ./system/src/stm32f3-stdperiph/stm32f30x_tim.o
                0x08002158                TIM_OC2PreloadConfig
 .text.TIM_OC3PreloadConfig
                0x0800220c       0xa4 ./system/src/stm32f3-stdperiph/stm32f30x_tim.o
                0x0800220c                TIM_OC3PreloadConfig
 .text.TIM_OC4PreloadConfig
                0x080022b0       0xa8 ./system/src/stm32f3-stdperiph/stm32f30x_tim.o
                0x080022b0                TIM_OC4PreloadConfig
 .text.TIM_CtrlPWMOutputs
                0x08002358       0xac ./system/src/stm32f3-stdperiph/stm32f30x_tim.o
                0x08002358                TIM_CtrlPWMOutputs
 .text._exit    0x08002404        0xc ./system/src/newlib/_exit.o
                0x08002404                _exit
 .text.abort    0x08002410       0x18 ./system/src/newlib/_exit.o
                0x08002410                abort
 .text.__initialize_args
                0x08002428       0x2c ./system/src/newlib/_syscalls.o
                0x08002428                __initialize_args
 .text.assert_failed
                0x08002454       0x18 ./system/src/newlib/assert.o
                0x08002454                assert_failed
 .text.__initialize_hardware_early
                0x0800246c        0xc ./system/src/cortexm/_initialize_hardware.o
                0x0800246c                __initialize_hardware_early
 .text.__initialize_hardware
                0x08002478        0xc ./system/src/cortexm/_initialize_hardware.o
                0x08002478                __initialize_hardware
 .text.SystemInit
                0x08002484       0xe0 ./system/src/CMSIS/system_stm32f30x.o
                0x08002484                SystemInit
 .text.SystemCoreClockUpdate
                0x08002564      0x13c ./system/src/CMSIS/system_stm32f30x.o
                0x08002564                SystemCoreClockUpdate
 .text.SetSysClock
                0x080026a0      0x170 ./system/src/CMSIS/system_stm32f30x.o
 .text.alarm_init
                0x08002810       0x54 ./src/Buzzer.o
                0x08002810                alarm_init
 .text.NVIC_SetPriority
                0x08002864       0x54 ./src/HD44780_F3.o
 .text.SysTick_Config
                0x080028b8       0x44 ./src/HD44780_F3.o
 .text.hd44780_wr_hi_nibble
                0x080028fc       0xa8 ./src/HD44780_F3.o
                0x080028fc                hd44780_wr_hi_nibble
 .text.hd44780_write
                0x080029a4      0x130 ./src/HD44780_F3.o
                0x080029a4                hd44780_write
 .text.hd44780_wr_cmd
                0x08002ad4       0x24 ./src/HD44780_F3.o
                0x08002ad4                hd44780_wr_cmd
 .text.hd44780_wr_data
                0x08002af8       0x24 ./src/HD44780_F3.o
                0x08002af8                hd44780_wr_data
 .text.HD44780_Init
                0x08002b1c      0x100 ./src/HD44780_F3.o
                0x08002b1c                HD44780_Init
 .text.pwm_init
                0x08002c1c      0x128 ./src/HD44780_F3.o
                0x08002c1c                pwm_init
 .text.HD44780_set_contrast
                0x08002d44       0x3c ./src/HD44780_F3.o
                0x08002d44                HD44780_set_contrast
 .text.testPINS
                0x08002d80       0x74 ./src/HD44780_F3.o
                0x08002d80                testPINS
 .text.HD44780_PutChar
                0x08002df4       0x18 ./src/HD44780_F3.o
                0x08002df4                HD44780_PutChar
 .text.HD44780_GotoXY
                0x08002e0c       0x70 ./src/HD44780_F3.o
                0x08002e0c                HD44780_GotoXY
 .text.HD44780_PutStr
                0x08002e7c       0x3c ./src/HD44780_F3.o
                0x08002e7c                HD44780_PutStr
 .text.HD44780_ClrScr
                0x08002eb8       0x14 ./src/HD44780_F3.o
                0x08002eb8                HD44780_ClrScr
 .text.keypad_init
                0x08002ecc       0xf4 ./src/KeyPad.o
                0x08002ecc                keypad_init
 .text.keypad_flush
                0x08002fc0       0x3c ./src/KeyPad.o
                0x08002fc0                keypad_flush
 .text.sense_init
                0x08002ffc       0x38 ./src/Sens.o
                0x08002ffc                sense_init
 .text.NVIC_SetPriority
                0x08003034       0x5c ./src/Timer.o
 .text.SysTick_Config
                0x08003090       0x64 ./src/Timer.o
 .text.timer_start
                0x080030f4       0x28 ./src/Timer.o
                0x080030f4                timer_start
 .text.timer_sleep
                0x0800311c       0x30 ./src/Timer.o
                0x0800311c                timer_sleep
 .text.timer_tick
                0x0800314c       0x30 ./src/Timer.o
                0x0800314c                timer_tick
 .text.SysTick_Handler
                0x0800317c        0xc ./src/Timer.o
                0x0800317c                SysTick_Handler
 .text.main     0x08003188       0x84 ./src/main.o
                0x08003188                main
 *(.rodata .rodata.* .constdata .constdata.*)
 .rodata        0x0800320c       0x34 ./system/src/stm32f3-stdperiph/stm32f30x_gpio.o
 .rodata        0x08003240       0x30 ./system/src/stm32f3-stdperiph/stm32f30x_rcc.o
 .rodata        0x08003270       0x30 ./system/src/stm32f3-stdperiph/stm32f30x_tim.o
 .rodata        0x080032a0       0x14 ./system/src/newlib/_exit.o
 .rodata        0x080032b4       0x70 ./system/src/newlib/assert.o
 .rodata        0x08003324        0xc ./src/HD44780_F3.o
 .rodata        0x08003330        0xc ./src/KeyPad.o
 .rodata        0x0800333c       0x44 ./src/main.o
 *(vtable)
 *(.eh_frame*)
 *(.glue_7)
 .glue_7        0x00000000        0x0 linker stubs
 *(.glue_7t)
 .glue_7t       0x00000000        0x0 linker stubs

.vfp11_veneer   0x08003380        0x0
 .vfp11_veneer  0x00000000        0x0 linker stubs

.v4_bx          0x08003380        0x0
 .v4_bx         0x00000000        0x0 linker stubs

.iplt           0x08003380        0x0
 .iplt          0x00000000        0x0 ./system/src/stm32f3-stdperiph/stm32f30x_gpio.o

.rel.dyn        0x08003380        0x0
 .rel.iplt      0x00000000        0x0 ./system/src/stm32f3-stdperiph/stm32f30x_gpio.o

.ARM.extab
 *(.ARM.extab* .gnu.linkonce.armextab.*)
                0x08003380                . = ALIGN (0x4)
                0x08003380                __exidx_start = .

.ARM.exidx
 *(.ARM.exidx* .gnu.linkonce.armexidx.*)
                0x08003380                __exidx_end = .
                0x08003380                . = ALIGN (0x4)
                0x08003380                _etext = .
                0x08003380                __etext = .

.data_CCMRAM    0x10000000        0x0 load address 0x08003380
 FILL mask 0xff
 *(.data.CCMRAM .data.CCMRAM.*)
                0x10000000                . = ALIGN (0x4)
                0x08003380                _sidata = LOADADDR (.data)

.data           0x20000000       0x50 load address 0x08003380
 FILL mask 0xff
                0x20000000                _sdata = .
                0x20000000                __data_start__ = .
 *(.data_begin .data_begin.*)
 .data_begin    0x20000000        0x4 ./system/src/newlib/_startup.o
 *(.data .data.*)
 .data.APBAHBPrescTable
                0x20000004       0x10 ./system/src/stm32f3-stdperiph/stm32f30x_rcc.o
 .data.ADCPrescTable
                0x20000014       0x1c ./system/src/stm32f3-stdperiph/stm32f30x_rcc.o
 .data.argv.3997
                0x20000030        0x8 ./system/src/newlib/_syscalls.o
 .data.SystemCoreClock
                0x20000038        0x4 ./system/src/CMSIS/system_stm32f30x.o
                0x20000038                SystemCoreClock
 .data.AHBPrescTable
                0x2000003c       0x10 ./system/src/CMSIS/system_stm32f30x.o
                0x2000003c                AHBPrescTable
 *(.data_end .data_end.*)
 .data_end      0x2000004c        0x4 ./system/src/newlib/_startup.o
                0x20000050                . = ALIGN (0x4)
                0x20000050                _edata = .
                0x20000050                __data_end__ = .

.igot.plt       0x20000050        0x0 load address 0x080033d0
 .igot.plt      0x00000000        0x0 ./system/src/stm32f3-stdperiph/stm32f30x_gpio.o

.bss_CCMRAM     0x10000000        0x0
 *(.bss.CCMRAM .bss.CCMRAM.*)

.bss            0x20000050       0x10
                0x20000050                __bss_start__ = .
                0x20000050                _sbss = .
 *(.bss_begin .bss_begin.*)
 .bss_begin     0x20000050        0x4 ./system/src/newlib/_startup.o
 *(.bss .bss.*)
 .bss.name.3996
                0x20000054        0x4 ./system/src/newlib/_syscalls.o
 *(COMMON)
 COMMON         0x20000058        0x4 ./src/Timer.o
                0x20000058                timer_delayCount
 *(.bss_end .bss_end.*)
 .bss_end       0x2000005c        0x4 ./system/src/newlib/_startup.o
                0x20000060                . = ALIGN (0x4)
                0x20000060                __bss_end__ = .
                0x20000060                _ebss = .

.noinit_CCMRAM
 *(.noinit.CCMRAM .noinit.CCMRAM.*)

.noinit         0x20000060        0x0
                0x20000060                _noinit = .
 *(.noinit .noinit.*)
                0x20000060                . = ALIGN (0x4)
                0x20000060                _end_noinit = .
                0x20000060                PROVIDE (end, _end_noinit)
                0x20000060                PROVIDE (_end, _end_noinit)
                0x20000060                PROVIDE (__end, _end_noinit)
                0x20000060                PROVIDE (__end__, _end_noinit)

._check_stack   0x20000060      0x100
                0x20000160                . = (. + _Minimum_Stack_Size)
 *fill*         0x20000060      0x100 

.b1text
 *(.b1text)
 *(.b1rodata)
 *(.b1rodata.*)

.eb0text
 *(.eb0text)
 *(.eb0rodata)
 *(.eb0rodata.*)

.eb1text
 *(.eb1text)
 *(.eb1rodata)
 *(.eb1rodata.*)

.eb2text
 *(.eb2text)
 *(.eb2rodata)
 *(.eb2rodata.*)

.eb3text
 *(.eb3text)
 *(.eb3rodata)
 *(.eb3rodata.*)

.stab
 *(.stab)

.stabstr
 *(.stabstr)

.stab.excl
 *(.stab.excl)

.stab.exclstr
 *(.stab.exclstr)

.stab.index
 *(.stab.index)

.stab.indexstr
 *(.stab.indexstr)

.comment        0x00000000       0xe0
 *(.comment)
 .comment       0x00000000       0x70 ./system/src/stm32f3-stdperiph/stm32f30x_gpio.o
                                 0x71 (size before relaxing)
 .comment       0x00000000       0x71 ./system/src/stm32f3-stdperiph/stm32f30x_rcc.o
 .comment       0x00000000       0x71 ./system/src/stm32f3-stdperiph/stm32f30x_tim.o
 .comment       0x00000000       0x71 ./system/src/newlib/_exit.o
 .comment       0x00000000       0x71 ./system/src/newlib/_startup.o
 .comment       0x00000000       0x71 ./system/src/newlib/_syscalls.o
 .comment       0x00000000       0x71 ./system/src/newlib/assert.o
 .comment       0x00000000       0x71 ./system/src/cortexm/_initialize_hardware.o
 .comment       0x00000000       0x71 ./system/src/cortexm/exception_handlers.o
 .comment       0x00000000       0x71 ./system/src/CMSIS/system_stm32f30x.o
 .comment       0x00000000       0x71 ./system/src/CMSIS/vectors_stm32f30x.o
 .comment       0x00000070       0x70 ./src/Buzzer.o
                                 0x71 (size before relaxing)
 .comment       0x00000000       0x71 ./src/HD44780_F3.o
 .comment       0x00000000       0x71 ./src/KeyPad.o
 .comment       0x00000000       0x71 ./src/Sens.o
 .comment       0x00000000       0x71 ./src/Timer.o
 .comment       0x00000000       0x71 ./src/main.o

.ARM.attributes
                0x00000000       0x33
 .ARM.attributes
                0x00000000       0x33 ./system/src/stm32f3-stdperiph/stm32f30x_gpio.o
 .ARM.attributes
                0x00000033       0x33 ./system/src/stm32f3-stdperiph/stm32f30x_rcc.o
 .ARM.attributes
                0x00000066       0x33 ./system/src/stm32f3-stdperiph/stm32f30x_tim.o
 .ARM.attributes
                0x00000099       0x33 ./system/src/newlib/_exit.o
 .ARM.attributes
                0x000000cc       0x33 ./system/src/newlib/_startup.o
 .ARM.attributes
                0x000000ff       0x33 ./system/src/newlib/_syscalls.o
 .ARM.attributes
                0x00000132       0x33 ./system/src/newlib/assert.o
 .ARM.attributes
                0x00000165       0x33 ./system/src/cortexm/_initialize_hardware.o
 .ARM.attributes
                0x00000198       0x33 ./system/src/cortexm/exception_handlers.o
 .ARM.attributes
                0x000001cb       0x33 ./system/src/CMSIS/system_stm32f30x.o
 .ARM.attributes
                0x000001fe       0x33 ./system/src/CMSIS/vectors_stm32f30x.o
 .ARM.attributes
                0x00000231       0x33 ./src/Buzzer.o
 .ARM.attributes
                0x00000264       0x33 ./src/HD44780_F3.o
 .ARM.attributes
                0x00000297       0x33 ./src/KeyPad.o
 .ARM.attributes
                0x000002ca       0x33 ./src/Sens.o
 .ARM.attributes
                0x000002fd       0x33 ./src/Timer.o
 .ARM.attributes
                0x00000330       0x33 ./src/main.o

.debug
 *(.debug)

.line
 *(.line)

.debug_srcinfo
 *(.debug_srcinfo)

.debug_sfnames
 *(.debug_sfnames)

.debug_aranges  0x00000000      0x8a8
 *(.debug_aranges)
 .debug_aranges
                0x00000000       0x80 ./system/src/stm32f3-stdperiph/stm32f30x_gpio.o
 .debug_aranges
                0x00000080      0x150 ./system/src/stm32f3-stdperiph/stm32f30x_rcc.o
 .debug_aranges
                0x000001d0      0x3a8 ./system/src/stm32f3-stdperiph/stm32f30x_tim.o
 .debug_aranges
                0x00000578       0x28 ./system/src/newlib/_exit.o
 .debug_aranges
                0x000005a0       0x40 ./system/src/newlib/_startup.o
 .debug_aranges
                0x000005e0       0x30 ./system/src/newlib/_syscalls.o
 .debug_aranges
                0x00000610       0x28 ./system/src/newlib/assert.o
 .debug_aranges
                0x00000638       0x28 ./system/src/cortexm/_initialize_hardware.o
 .debug_aranges
                0x00000660       0x80 ./system/src/cortexm/exception_handlers.o
 .debug_aranges
                0x000006e0       0x30 ./system/src/CMSIS/system_stm32f30x.o
 .debug_aranges
                0x00000710       0x20 ./system/src/CMSIS/vectors_stm32f30x.o
 .debug_aranges
                0x00000730       0x20 ./src/Buzzer.o
 .debug_aranges
                0x00000750       0x90 ./src/HD44780_F3.o
 .debug_aranges
                0x000007e0       0x38 ./src/KeyPad.o
 .debug_aranges
                0x00000818       0x28 ./src/Sens.o
 .debug_aranges
                0x00000840       0x48 ./src/Timer.o
 .debug_aranges
                0x00000888       0x20 ./src/main.o

.debug_pubnames
 *(.debug_pubnames)

.debug_info     0x00000000     0x68e3
 *(.debug_info .gnu.linkonce.wi.*)
 .debug_info    0x00000000      0x647 ./system/src/stm32f3-stdperiph/stm32f30x_gpio.o
 .debug_info    0x00000647      0xb89 ./system/src/stm32f3-stdperiph/stm32f30x_rcc.o
 .debug_info    0x000011d0     0x2408 ./system/src/stm32f3-stdperiph/stm32f30x_tim.o
 .debug_info    0x000035d8       0xef ./system/src/newlib/_exit.o
 .debug_info    0x000036c7      0x48e ./system/src/newlib/_startup.o
 .debug_info    0x00003b55      0x19f ./system/src/newlib/_syscalls.o
 .debug_info    0x00003cf4      0x159 ./system/src/newlib/assert.o
 .debug_info    0x00003e4d       0xc5 ./system/src/cortexm/_initialize_hardware.o
 .debug_info    0x00003f12      0x2de ./system/src/cortexm/exception_handlers.o
 .debug_info    0x000041f0      0x4e1 ./system/src/CMSIS/system_stm32f30x.o
 .debug_info    0x000046d1       0xde ./system/src/CMSIS/vectors_stm32f30x.o
 .debug_info    0x000047af      0x321 ./src/Buzzer.o
 .debug_info    0x00004ad0      0xda0 ./src/HD44780_F3.o
 .debug_info    0x00005870      0x47d ./src/KeyPad.o
 .debug_info    0x00005ced      0x2ec ./src/Sens.o
 .debug_info    0x00005fd9      0x6ef ./src/Timer.o
 .debug_info    0x000066c8      0x21b ./src/main.o

.debug_abbrev   0x00000000     0x151d
 *(.debug_abbrev)
 .debug_abbrev  0x00000000      0x1aa ./system/src/stm32f3-stdperiph/stm32f30x_gpio.o
 .debug_abbrev  0x000001aa      0x1e8 ./system/src/stm32f3-stdperiph/stm32f30x_rcc.o
 .debug_abbrev  0x00000392      0x18e ./system/src/stm32f3-stdperiph/stm32f30x_tim.o
 .debug_abbrev  0x00000520       0xa2 ./system/src/newlib/_exit.o
 .debug_abbrev  0x000005c2      0x16c ./system/src/newlib/_startup.o
 .debug_abbrev  0x0000072e       0xcb ./system/src/newlib/_syscalls.o
 .debug_abbrev  0x000007f9       0x9c ./system/src/newlib/assert.o
 .debug_abbrev  0x00000895       0x6c ./system/src/cortexm/_initialize_hardware.o
 .debug_abbrev  0x00000901      0x123 ./system/src/cortexm/exception_handlers.o
 .debug_abbrev  0x00000a24      0x14c ./system/src/CMSIS/system_stm32f30x.o
 .debug_abbrev  0x00000b70       0x9f ./system/src/CMSIS/vectors_stm32f30x.o
 .debug_abbrev  0x00000c0f      0x154 ./src/Buzzer.o
 .debug_abbrev  0x00000d63      0x265 ./src/HD44780_F3.o
 .debug_abbrev  0x00000fc8      0x179 ./src/KeyPad.o
 .debug_abbrev  0x00001141      0x12f ./src/Sens.o
 .debug_abbrev  0x00001270      0x18f ./src/Timer.o
 .debug_abbrev  0x000013ff      0x11e ./src/main.o

.debug_line     0x00000000     0x7524
 *(.debug_line)
 .debug_line    0x00000000      0x80a ./system/src/stm32f3-stdperiph/stm32f30x_gpio.o
 .debug_line    0x0000080a      0xb3f ./system/src/stm32f3-stdperiph/stm32f30x_rcc.o
 .debug_line    0x00001349     0x262f ./system/src/stm32f3-stdperiph/stm32f30x_tim.o
 .debug_line    0x00003978      0x359 ./system/src/newlib/_exit.o
 .debug_line    0x00003cd1      0x3ea ./system/src/newlib/_startup.o
 .debug_line    0x000040bb      0x41a ./system/src/newlib/_syscalls.o
 .debug_line    0x000044d5      0x37f ./system/src/newlib/assert.o
 .debug_line    0x00004854      0x380 ./system/src/cortexm/_initialize_hardware.o
 .debug_line    0x00004bd4      0x69c ./system/src/cortexm/exception_handlers.o
 .debug_line    0x00005270      0x3c2 ./system/src/CMSIS/system_stm32f30x.o
 .debug_line    0x00005632      0x113 ./system/src/CMSIS/vectors_stm32f30x.o
 .debug_line    0x00005745      0x359 ./src/Buzzer.o
 .debug_line    0x00005a9e      0x76b ./src/HD44780_F3.o
 .debug_line    0x00006209      0x602 ./src/KeyPad.o
 .debug_line    0x0000680b      0x352 ./src/Sens.o
 .debug_line    0x00006b5d      0x401 ./src/Timer.o
 .debug_line    0x00006f5e      0x5c6 ./src/main.o

.debug_frame    0x00000000     0x1cb8
 *(.debug_frame)
 .debug_frame   0x00000000      0x1ac ./system/src/stm32f3-stdperiph/stm32f30x_gpio.o
 .debug_frame   0x000001ac      0x4d4 ./system/src/stm32f3-stdperiph/stm32f30x_rcc.o
 .debug_frame   0x00000680      0xe30 ./system/src/stm32f3-stdperiph/stm32f30x_tim.o
 .debug_frame   0x000014b0       0x4c ./system/src/newlib/_exit.o
 .debug_frame   0x000014fc       0xa8 ./system/src/newlib/_startup.o
 .debug_frame   0x000015a4       0x6c ./system/src/newlib/_syscalls.o
 .debug_frame   0x00001610       0x50 ./system/src/newlib/assert.o
 .debug_frame   0x00001660       0x48 ./system/src/cortexm/_initialize_hardware.o
 .debug_frame   0x000016a8      0x140 ./system/src/cortexm/exception_handlers.o
 .debug_frame   0x000017e8       0x64 ./system/src/CMSIS/system_stm32f30x.o
 .debug_frame   0x0000184c       0x28 ./system/src/CMSIS/vectors_stm32f30x.o
 .debug_frame   0x00001874       0x34 ./src/Buzzer.o
 .debug_frame   0x000018a8      0x22c ./src/HD44780_F3.o
 .debug_frame   0x00001ad4       0xa4 ./src/KeyPad.o
 .debug_frame   0x00001b78       0x58 ./src/Sens.o
 .debug_frame   0x00001bd0       0xb8 ./src/Timer.o
 .debug_frame   0x00001c88       0x30 ./src/main.o

.debug_str      0x00000000    0x5d668
 *(.debug_str)
 .debug_str     0x00000000    0x532de ./system/src/stm32f3-stdperiph/stm32f30x_gpio.o
                              0x53482 (size before relaxing)
 .debug_str     0x000532de      0xa8e ./system/src/stm32f3-stdperiph/stm32f30x_rcc.o
                              0x53c36 (size before relaxing)
 .debug_str     0x00053d6c      0xd51 ./system/src/stm32f3-stdperiph/stm32f30x_tim.o
                              0x54029 (size before relaxing)
 .debug_str     0x00054abd     0x2e97 ./system/src/newlib/_exit.o
                               0x528d (size before relaxing)
 .debug_str     0x00057954      0x283 ./system/src/newlib/_startup.o
                               0x3d96 (size before relaxing)
 .debug_str     0x00057bd7     0x10ac ./system/src/newlib/_syscalls.o
                               0x54b1 (size before relaxing)
 .debug_str     0x00058c83       0xd4 ./system/src/newlib/assert.o
                               0x5d76 (size before relaxing)
 .debug_str     0x00058d57       0x78 ./system/src/cortexm/_initialize_hardware.o
                              0x531b2 (size before relaxing)
 .debug_str     0x00058dcf      0x21e ./system/src/cortexm/exception_handlers.o
                              0x561a4 (size before relaxing)
 .debug_str     0x00058fed       0xf0 ./system/src/CMSIS/system_stm32f30x.o
                              0x532f3 (size before relaxing)
 .debug_str     0x000590dd       0x57 ./system/src/CMSIS/vectors_stm32f30x.o
                               0x2e28 (size before relaxing)
 .debug_str     0x00059134      0x4bb ./src/Buzzer.o
                              0x536cd (size before relaxing)
 .debug_str     0x000595ef     0x3ef8 ./src/HD44780_F3.o
                              0x59b58 (size before relaxing)
 .debug_str     0x0005d4e7       0xd9 ./src/KeyPad.o
                              0x5752b (size before relaxing)
 .debug_str     0x0005d5c0       0x24 ./src/Sens.o
                              0x536d7 (size before relaxing)
 .debug_str     0x0005d5e4       0x51 ./src/Timer.o
                              0x5377a (size before relaxing)
 .debug_str     0x0005d635       0x33 ./src/main.o
                              0x59148 (size before relaxing)

.debug_loc      0x00000000     0x2af6
 *(.debug_loc)
 .debug_loc     0x00000000      0x2d8 ./system/src/stm32f3-stdperiph/stm32f30x_gpio.o
 .debug_loc     0x000002d8      0x864 ./system/src/stm32f3-stdperiph/stm32f30x_rcc.o
 .debug_loc     0x00000b3c     0x18f0 ./system/src/stm32f3-stdperiph/stm32f30x_tim.o
 .debug_loc     0x0000242c       0x70 ./system/src/newlib/_exit.o
 .debug_loc     0x0000249c      0x11a ./system/src/newlib/_startup.o
 .debug_loc     0x000025b6       0xa8 ./system/src/newlib/_syscalls.o
 .debug_loc     0x0000265e       0x70 ./system/src/newlib/assert.o
 .debug_loc     0x000026ce       0x58 ./system/src/cortexm/_initialize_hardware.o
 .debug_loc     0x00002726      0x1dc ./system/src/cortexm/exception_handlers.o
 .debug_loc     0x00002902       0x9c ./system/src/CMSIS/system_stm32f30x.o
 .debug_loc     0x0000299e       0x2c ./system/src/CMSIS/vectors_stm32f30x.o
 .debug_loc     0x000029ca      0x12c ./src/Timer.o

.debug_macinfo
 *(.debug_macinfo)

.debug_weaknames
 *(.debug_weaknames)

.debug_funcnames
 *(.debug_funcnames)

.debug_typenames
 *(.debug_typenames)

.debug_varnames
 *(.debug_varnames)
OUTPUT(PWM_Timer_.elf elf32-littlearm)

.debug_ranges   0x00000000      0x798
 .debug_ranges  0x00000000       0x70 ./system/src/stm32f3-stdperiph/stm32f30x_gpio.o
 .debug_ranges  0x00000070      0x140 ./system/src/stm32f3-stdperiph/stm32f30x_rcc.o
 .debug_ranges  0x000001b0      0x398 ./system/src/stm32f3-stdperiph/stm32f30x_tim.o
 .debug_ranges  0x00000548       0x18 ./system/src/newlib/_exit.o
 .debug_ranges  0x00000560       0x30 ./system/src/newlib/_startup.o
 .debug_ranges  0x00000590       0x20 ./system/src/newlib/_syscalls.o
 .debug_ranges  0x000005b0       0x18 ./system/src/newlib/assert.o
 .debug_ranges  0x000005c8       0x18 ./system/src/cortexm/_initialize_hardware.o
 .debug_ranges  0x000005e0       0x70 ./system/src/cortexm/exception_handlers.o
 .debug_ranges  0x00000650       0x20 ./system/src/CMSIS/system_stm32f30x.o
 .debug_ranges  0x00000670       0x10 ./system/src/CMSIS/vectors_stm32f30x.o
 .debug_ranges  0x00000680       0x10 ./src/Buzzer.o
 .debug_ranges  0x00000690       0x80 ./src/HD44780_F3.o
 .debug_ranges  0x00000710       0x28 ./src/KeyPad.o
 .debug_ranges  0x00000738       0x18 ./src/Sens.o
 .debug_ranges  0x00000750       0x38 ./src/Timer.o
 .debug_ranges  0x00000788       0x10 ./src/main.o

.debug_macro    0x00000000    0x125d1
 .debug_macro   0x00000000      0x15c ./system/src/stm32f3-stdperiph/stm32f30x_gpio.o
 .debug_macro   0x0000015c      0x826 ./system/src/stm32f3-stdperiph/stm32f30x_gpio.o
 .debug_macro   0x00000982       0x6e ./system/src/stm32f3-stdperiph/stm32f30x_gpio.o
 .debug_macro   0x000009f0       0x3b ./system/src/stm32f3-stdperiph/stm32f30x_gpio.o
 .debug_macro   0x00000a2b      0x34e ./system/src/stm32f3-stdperiph/stm32f30x_gpio.o
 .debug_macro   0x00000d79       0x2d ./system/src/stm32f3-stdperiph/stm32f30x_gpio.o
 .debug_macro   0x00000da6       0x26 ./system/src/stm32f3-stdperiph/stm32f30x_gpio.o
 .debug_macro   0x00000dcc      0xd39 ./system/src/stm32f3-stdperiph/stm32f30x_gpio.o
 .debug_macro   0x00001b05     0x769b ./system/src/stm32f3-stdperiph/stm32f30x_gpio.o
 .debug_macro   0x000091a0      0x5a6 ./system/src/stm32f3-stdperiph/stm32f30x_gpio.o
 .debug_macro   0x00009746      0x3cf ./system/src/stm32f3-stdperiph/stm32f30x_gpio.o
 .debug_macro   0x00009b15       0x46 ./system/src/stm32f3-stdperiph/stm32f30x_gpio.o
 .debug_macro   0x00009b5b      0x231 ./system/src/stm32f3-stdperiph/stm32f30x_gpio.o
 .debug_macro   0x00009d8c      0x196 ./system/src/stm32f3-stdperiph/stm32f30x_gpio.o
 .debug_macro   0x00009f22       0x8e ./system/src/stm32f3-stdperiph/stm32f30x_gpio.o
 .debug_macro   0x00009fb0      0x3a9 ./system/src/stm32f3-stdperiph/stm32f30x_gpio.o
 .debug_macro   0x0000a359      0x116 ./system/src/stm32f3-stdperiph/stm32f30x_gpio.o
 .debug_macro   0x0000a46f      0x1e4 ./system/src/stm32f3-stdperiph/stm32f30x_gpio.o
 .debug_macro   0x0000a653      0x1df ./system/src/stm32f3-stdperiph/stm32f30x_gpio.o
 .debug_macro   0x0000a832      0x29a ./system/src/stm32f3-stdperiph/stm32f30x_gpio.o
 .debug_macro   0x0000aacc       0x70 ./system/src/stm32f3-stdperiph/stm32f30x_gpio.o
 .debug_macro   0x0000ab3c      0x10c ./system/src/stm32f3-stdperiph/stm32f30x_gpio.o
 .debug_macro   0x0000ac48       0xb8 ./system/src/stm32f3-stdperiph/stm32f30x_gpio.o
 .debug_macro   0x0000ad00      0x5c6 ./system/src/stm32f3-stdperiph/stm32f30x_gpio.o
 .debug_macro   0x0000b2c6      0x551 ./system/src/stm32f3-stdperiph/stm32f30x_gpio.o
 .debug_macro   0x0000b817      0x3ac ./system/src/stm32f3-stdperiph/stm32f30x_gpio.o
 .debug_macro   0x0000bbc3      0x8d8 ./system/src/stm32f3-stdperiph/stm32f30x_gpio.o
 .debug_macro   0x0000c49b      0x364 ./system/src/stm32f3-stdperiph/stm32f30x_gpio.o
 .debug_macro   0x0000c7ff       0x34 ./system/src/stm32f3-stdperiph/stm32f30x_gpio.o
 .debug_macro   0x0000c833       0x89 ./system/src/stm32f3-stdperiph/stm32f30x_gpio.o
 .debug_macro   0x0000c8bc       0x35 ./system/src/stm32f3-stdperiph/stm32f30x_gpio.o
 .debug_macro   0x0000c8f1      0x1b0 ./system/src/stm32f3-stdperiph/stm32f30x_gpio.o
 .debug_macro   0x0000caa1      0x1f9 ./system/src/stm32f3-stdperiph/stm32f30x_rcc.o
 .debug_macro   0x0000cc9a      0x1b6 ./system/src/stm32f3-stdperiph/stm32f30x_rcc.o
 .debug_macro   0x0000ce50      0x5c0 ./system/src/stm32f3-stdperiph/stm32f30x_rcc.o
 .debug_macro   0x0000d410      0x186 ./system/src/stm32f3-stdperiph/stm32f30x_tim.o
 .debug_macro   0x0000d596      0x8d2 ./system/src/stm32f3-stdperiph/stm32f30x_tim.o
 .debug_macro   0x0000de68      0x118 ./system/src/newlib/_exit.o
 .debug_macro   0x0000df80       0xa3 ./system/src/newlib/_exit.o
 .debug_macro   0x0000e023       0x8c ./system/src/newlib/_exit.o
 .debug_macro   0x0000e0af       0x10 ./system/src/newlib/_exit.o
 .debug_macro   0x0000e0bf       0x35 ./system/src/newlib/_exit.o
 .debug_macro   0x0000e0f4       0xdc ./system/src/newlib/_startup.o
 .debug_macro   0x0000e1d0      0x82c ./system/src/newlib/_startup.o
 .debug_macro   0x0000e9fc      0x167 ./system/src/newlib/_syscalls.o
 .debug_macro   0x0000eb63       0x1c ./system/src/newlib/_syscalls.o
 .debug_macro   0x0000eb7f       0x10 ./system/src/newlib/_syscalls.o
 .debug_macro   0x0000eb8f       0x16 ./system/src/newlib/_syscalls.o
 .debug_macro   0x0000eba5       0x89 ./system/src/newlib/_syscalls.o
 .debug_macro   0x0000ec2e       0xfc ./system/src/newlib/_syscalls.o
 .debug_macro   0x0000ed2a       0x34 ./system/src/newlib/_syscalls.o
 .debug_macro   0x0000ed5e      0x120 ./system/src/newlib/_syscalls.o
 .debug_macro   0x0000ee7e       0x22 ./system/src/newlib/_syscalls.o
 .debug_macro   0x0000eea0       0x2b ./system/src/newlib/_syscalls.o
 .debug_macro   0x0000eecb      0x118 ./system/src/newlib/_syscalls.o
 .debug_macro   0x0000efe3      0x137 ./system/src/newlib/_syscalls.o
 .debug_macro   0x0000f11a       0x16 ./system/src/newlib/_syscalls.o
 .debug_macro   0x0000f130      0x134 ./system/src/newlib/assert.o
 .debug_macro   0x0000f264       0x16 ./system/src/newlib/assert.o
 .debug_macro   0x0000f27a      0x15c ./system/src/cortexm/_initialize_hardware.o
 .debug_macro   0x0000f3d6      0x26a ./system/src/cortexm/exception_handlers.o
 .debug_macro   0x0000f640       0x22 ./system/src/cortexm/exception_handlers.o
 .debug_macro   0x0000f662       0x1c ./system/src/cortexm/exception_handlers.o
 .debug_macro   0x0000f67e      0x158 ./system/src/CMSIS/system_stm32f30x.o
 .debug_macro   0x0000f7d6       0x34 ./system/src/CMSIS/vectors_stm32f30x.o
 .debug_macro   0x0000f80a      0x16a ./src/Buzzer.o
 .debug_macro   0x0000f974      0x88c ./src/Buzzer.o
 .debug_macro   0x00010200      0x34e ./src/Buzzer.o
 .debug_macro   0x0001054e       0x22 ./src/Buzzer.o
 .debug_macro   0x00010570       0x28 ./src/Buzzer.o
 .debug_macro   0x00010598      0x2eb ./src/HD44780_F3.o
 .debug_macro   0x00010883       0x58 ./src/HD44780_F3.o
 .debug_macro   0x000108db       0x22 ./src/HD44780_F3.o
 .debug_macro   0x000108fd       0x35 ./src/HD44780_F3.o
 .debug_macro   0x00010932       0x9c ./src/HD44780_F3.o
 .debug_macro   0x000109ce       0x16 ./src/HD44780_F3.o
 .debug_macro   0x000109e4       0x4a ./src/HD44780_F3.o
 .debug_macro   0x00010a2e       0x97 ./src/HD44780_F3.o
 .debug_macro   0x00010ac5      0x27a ./src/HD44780_F3.o
 .debug_macro   0x00010d3f       0xf6 ./src/HD44780_F3.o
 .debug_macro   0x00010e35       0x10 ./src/HD44780_F3.o
 .debug_macro   0x00010e45       0x16 ./src/HD44780_F3.o
 .debug_macro   0x00010e5b       0x43 ./src/HD44780_F3.o
 .debug_macro   0x00010e9e      0x180 ./src/HD44780_F3.o
 .debug_macro   0x0001101e       0xbd ./src/HD44780_F3.o
 .debug_macro   0x000110db       0x16 ./src/HD44780_F3.o
 .debug_macro   0x000110f1      0x196 ./src/HD44780_F3.o
 .debug_macro   0x00011287      0x1e1 ./src/HD44780_F3.o
 .debug_macro   0x00011468      0x253 ./src/HD44780_F3.o
 .debug_macro   0x000116bb       0x16 ./src/HD44780_F3.o
 .debug_macro   0x000116d1       0x35 ./src/HD44780_F3.o
 .debug_macro   0x00011706      0x48e ./src/HD44780_F3.o
 .debug_macro   0x00011b94       0x8e ./src/HD44780_F3.o
 .debug_macro   0x00011c22       0x46 ./src/HD44780_F3.o
 .debug_macro   0x00011c68      0x29e ./src/KeyPad.o
 .debug_macro   0x00011f06       0x16 ./src/KeyPad.o
 .debug_macro   0x00011f1c       0x29 ./src/KeyPad.o
 .debug_macro   0x00011f45       0x88 ./src/KeyPad.o
 .debug_macro   0x00011fcd      0x161 ./src/Sens.o
 .debug_macro   0x0001212e       0x40 ./src/Sens.o
 .debug_macro   0x0001216e      0x175 ./src/Timer.o
 .debug_macro   0x000122e3       0x10 ./src/Timer.o
 .debug_macro   0x000122f3      0x2de ./src/main.o
